                      (        basic.asm):00001                 ;NAM    TB01V137
                      (        basic.asm):00002         *       WRITTEN 20-OCT-77 BY JOHN BYRNS
                      (        basic.asm):00003         *       REVISED 30-DEC-77
                      (        basic.asm):00004         *       REVISED 18-JAN-78
                      (        basic.asm):00005         *       REVISED 10-APR-78
                      (        basic.asm):00006         *       REVISED 08-MAY-79 TO ELIMINATE USE OF SP
                      (        basic.asm):00007         *       REVISED 24-JAN-80 TO USE 6801 ON CHIP RAM
                      (        basic.asm):00008         *       REVISED 26-JAN-80 FOR NEW 6801 INSTRUCTIONS
                      (        basic.asm):00009         *       REVISED 24-JUL-81 FOR WHISTON BOARD
                      (        basic.asm):00010         *       REVISED 24-SEP-81 INCLUDE USER FUNCTION
                      (        basic.asm):00011         *       REVISED 08-APR-82 MAKE STANDALONE INCLUDE HEX CONSTANTS AND MEM FUNCTION
                      (        basic.asm):00012         *       REVISED 21-NOV-84 FOR 6809
                      (        basic.asm):00013         *       REVISED FEB 94 ADAPTED TO SIMULATOR AND BUGFIXES BY L.C. BENSCHOP.
                      (        basic.asm):00014         *
                      (        basic.asm):00015         
                      (        basic.asm):00016             include BOSS9.inc
                      (        BOSS9.inc):00001         *-------------------------------------------------------------------------
                      (        BOSS9.inc):00002         *    This source file is a part of the MC6809 Simulator
                      (        BOSS9.inc):00003         *    For the latest info, see http:www.marrin.org/
                      (        BOSS9.inc):00004         *    Copyright (c) 2018-2024, Chris Marrin
                      (        BOSS9.inc):00005         *    All rights reserved.
                      (        BOSS9.inc):00006         *    Use of this source code is governed by the MIT license that can be
                      (        BOSS9.inc):00007         *    found in the LICENSE file.
                      (        BOSS9.inc):00008         *-------------------------------------------------------------------------
                      (        BOSS9.inc):00009         *
                      (        BOSS9.inc):00010         *  BOSS9.inc
                      (        BOSS9.inc):00011         *  Assembly language function and address includes for BOSS9
                      (        BOSS9.inc):00012         *
                      (        BOSS9.inc):00013         *  Created by Chris Marrin on 5/4/24.
                      (        BOSS9.inc):00014         *
                      (        BOSS9.inc):00015         
                      (        BOSS9.inc):00016         *
                      (        BOSS9.inc):00017         * Console functions
                      (        BOSS9.inc):00018         *
     FC00             (        BOSS9.inc):00019         putc    equ     $FC00   ; output char in A to console
     FC02             (        BOSS9.inc):00020         puts    equ     $FC02   ; output string pointed to by X (null terminated)
     FC04             (        BOSS9.inc):00021         putsn   equ     $FC04   ; Output string pointed to by X for length in Y
     FC06             (        BOSS9.inc):00022         getc    equ     $FC06   ; Get char from console, return it in A
     FC08             (        BOSS9.inc):00023         peekc   equ     $FC08   ; Return in A a 1 if a char is available and 0 otherwise
     FC0A             (        BOSS9.inc):00024         gets    equ     $FC0A   ; Get a line terminated by \n, place in buffer
                      (        BOSS9.inc):00025                                 ; pointed to by X, with max length in Y
     FC0C             (        BOSS9.inc):00026         peeks   equ     $FC0C   ; Return in A a 1 if a line is available and 0 otherwise.
                      (        BOSS9.inc):00027                                 ; If available return length of line in Y
                      (        BOSS9.inc):00028         
     FC0E             (        BOSS9.inc):00029         exit    equ     $FC0E   ; Exit program. A ccontains exit code
                      (        BOSS9.inc):00030         
                      (        BOSS9.inc):00031         * Misc equates
                      (        BOSS9.inc):00032         
     000A             (        BOSS9.inc):00033         newline equ     $0a
                      (        BOSS9.inc):00034                                 
                      (        BOSS9.inc):00035         
                      (        basic.asm):00017         
     0004             (        basic.asm):00018         EOL     EQU     $04
     0003             (        basic.asm):00019         ETX     EQU     $03
     0020             (        basic.asm):00020         SPACE   EQU     $20
     000D             (        basic.asm):00021         CR      EQU     $0D
     000A             (        basic.asm):00022         LF      EQU     $0A
     0008             (        basic.asm):00023         BS      EQU     $08
     0018             (        basic.asm):00024         CAN     EQU     $18
     0007             (        basic.asm):00025         BELL    EQU     $07
     0000             (        basic.asm):00026         FILL    EQU     $00
     007F             (        basic.asm):00027         DEL     EQU     $7F
     0049             (        basic.asm):00028         BSIZE   EQU     73
     0030             (        basic.asm):00029         STKCUS  EQU     48
                      (        basic.asm):00030         *
     E000             (        basic.asm):00031         ACIA    EQU     $E000
     E000             (        basic.asm):00032         RMCR    EQU     ACIA
     E000             (        basic.asm):00033         TRCS    EQU     ACIA
     E001             (        basic.asm):00034         RECEV   EQU     ACIA+1
     E001             (        basic.asm):00035         TRANS   EQU     ACIA+1
     0003             (        basic.asm):00036         CNTL1   EQU     $03     ; Master Reset
     0015             (        basic.asm):00037         CNTL2   EQU     $15     ; 8 bits, 1 stop, divide by 16
     0001             (        basic.asm):00038         RDRF    EQU     $01     ; Receive Data Register Full
     0020             (        basic.asm):00039         ORFE    EQU     $20     ; Overrun
     0002             (        basic.asm):00040         TDRE    EQU     $02     ; Transmit Data Register Empty
                      (        basic.asm):00041         
                      (        basic.asm):00042         * EDIT THE FOLLOWING EQUATES TO REFLECT THE
                      (        basic.asm):00043         * DESIRED ROM AND RAM LAYOUT
     0080             (        basic.asm):00044         LORAM   EQU     $0080   ; ADDRESS OF DIRECT PAGE SCRATCH RAM
     4000             (        basic.asm):00045         BUFFER  EQU     $4000   ; ADDRESS OF MAIN RAM
     2000             (        basic.asm):00046         RAMSIZ  EQU     $2000   ; SIZE OF MAIN RAM
     0400             (        basic.asm):00047         ROMADR  EQU     $400    ; ADDRESS OF TINY BASIC ROM
                      (        basic.asm):00048         *
     4049             (        basic.asm):00049         RAMBEG  EQU     BUFFER+BSIZE
     6000             (        basic.asm):00050         RAMEND  EQU     BUFFER+RAMSIZ
                      (        basic.asm):00051         *
     AA0F             (        basic.asm):00052         RAMPAT  EQU     $AA0F
     F055             (        basic.asm):00053         ROMPAT  EQU     $F055
                      (        basic.asm):00054         *
                      (        basic.asm):00055                 ORG     LORAM
0080                  (        basic.asm):00056         USRBAS  RMB     2
0082                  (        basic.asm):00057         USRTOP  RMB     2
0084                  (        basic.asm):00058         STKLIM  RMB     2
0086                  (        basic.asm):00059         STKTOP  RMB     2
0088                  (        basic.asm):00060         CURSOR  RMB     2
008A                  (        basic.asm):00061         SAVESP  RMB     2
008C                  (        basic.asm):00062         LINENB  RMB     2
008E                  (        basic.asm):00063         SCRTCH  RMB     2
0090                  (        basic.asm):00064         CHAR    RMB     2
0092                  (        basic.asm):00065         ZONE    RMB     1
0093                  (        basic.asm):00066         MODE    RMB     1
0094                  (        basic.asm):00067         RESRVD  RMB     1
     0095             (        basic.asm):00068         LOEND   EQU     *
                      (        basic.asm):00069         *
                      (        basic.asm):00070                 ORG     ROMADR
0400 7E040B           (        basic.asm):00071         BASIC   JMP     SETUP
0403 10DE86           (        basic.asm):00072         WARMS   LDS     STKTOP
0406 BD0B93           (        basic.asm):00073                 JSR     INTEEE
0409 2013             (        basic.asm):00074                 BRA     WMS05
040B 10CE5FCC         (        basic.asm):00075         SETUP   LDS     #RAMEND-52
040F 10DF86           (        basic.asm):00076         SET03   STS     STKTOP
0412 BD0B93           (        basic.asm):00077                 JSR     INTEEE
0415 CC4049           (        basic.asm):00078         CLEAR   LDD     #RAMBEG
0418 DD80             (        basic.asm):00079                 STD     USRBAS
041A DD82             (        basic.asm):00080                 STD     USRTOP
041C DD84             (        basic.asm):00081         CLR02   STD     STKLIM
041E BD0535           (        basic.asm):00082         WMS05   JSR     CRLF
0421 8E0479           (        basic.asm):00083                 LDX     #VSTR
0424 BD052E           (        basic.asm):00084                 JSR     PUTSTR
0427 10DE86           (        basic.asm):00085         CMDB    LDS     STKTOP
042A 0F93             (        basic.asm):00086                 CLR     MODE
042C BD0535           (        basic.asm):00087                 JSR     CRLF
042F 9E80             (        basic.asm):00088                 LDX     USRBAS
0431 9F88             (        basic.asm):00089                 STX     CURSOR
0433 8E0000           (        basic.asm):00090         CMDE    LDX     #0000
0436 9F8C             (        basic.asm):00091                 STX     LINENB
0438 0D93             (        basic.asm):00092                 TST     MODE
043A 2605             (        basic.asm):00093                 BNE     CMD01
043C 863A             (        basic.asm):00094                 LDA     #':
043E BD0B9D           (        basic.asm):00095                 JSR     PUTCHR
0441 BD0588           (        basic.asm):00096         CMD01   JSR     GETLIN
0444 BD06DF           (        basic.asm):00097                 JSR     TSTNBR
0447 240E             (        basic.asm):00098                 BCC     CMD02
0449 292B             (        basic.asm):00099                 BVS     CMD05
044B BD0650           (        basic.asm):00100                 JSR     SKIPSP
044E 8104             (        basic.asm):00101                 CMPA    #EOL
0450 27E1             (        basic.asm):00102                 BEQ     CMDE
0452 BD0602           (        basic.asm):00103                 JSR     MSLINE
0455 20D0             (        basic.asm):00104                 BRA     CMDB
0457 3410             (        basic.asm):00105         CMD02   PSHS    X
0459 9E82             (        basic.asm):00106                 LDX     USRTOP
045B 9C84             (        basic.asm):00107                 CMPX    STKLIM
045D 3510             (        basic.asm):00108                 PULS    X
045F 2703             (        basic.asm):00109                 BEQ     CMD03
0461 7E0555           (        basic.asm):00110                 JMP     ERRORR
0464 C30000           (        basic.asm):00111         CMD03   ADDD    #0
0467 270D             (        basic.asm):00112                 BEQ     CMD05
0469 3406             (        basic.asm):00113         CMD04   PSHS    D
046B 83270F           (        basic.asm):00114                 SUBD    #9999
046E 3506             (        basic.asm):00115                 PULS    D
0470 2204             (        basic.asm):00116                 BHI     CMD05
0472 8D10             (        basic.asm):00117                 BSR     EDITOR
0474 20BD             (        basic.asm):00118                 BRA     CMDE
0476 7E054C           (        basic.asm):00119         CMD05   JMP     ERRORS
0479 54494E592056312E (        basic.asm):00120         VSTR    FCC     /TINY V1.37/
     3337
0483 04               (        basic.asm):00121                 FCB     EOL
                      (        basic.asm):00122         ******************************
                      (        basic.asm):00123         ******************************
0484 3406             (        basic.asm):00124         EDITOR  PSHS    D
0486 BD0650           (        basic.asm):00125                 JSR     SKIPSP
0489 9F8E             (        basic.asm):00126                 STX     SCRTCH
048B A660             (        basic.asm):00127                 LDA     0,S
048D 9E88             (        basic.asm):00128                 LDX     CURSOR
048F 9C82             (        basic.asm):00129                 CMPX    USRTOP
0491 2705             (        basic.asm):00130                 BEQ     ED00
0493 10A300           (        basic.asm):00131                 CMPD    0,X
0496 2402             (        basic.asm):00132                 BCC     ED01
0498 9E80             (        basic.asm):00133         ED00    LDX     USRBAS
049A BD07BB           (        basic.asm):00134         ED01    JSR     FNDLIN
049D 9F88             (        basic.asm):00135                 STX     CURSOR
049F 2522             (        basic.asm):00136                 BCS     ED04
04A1 9F8A             (        basic.asm):00137                 STX     SAVESP
04A3 3002             (        basic.asm):00138                 LEAX    2,X
04A5 A680             (        basic.asm):00139         ED02    LDA     ,X+
04A7 8104             (        basic.asm):00140                 CMPA    #EOL
04A9 26FA             (        basic.asm):00141                 BNE     ED02
04AB 9C82             (        basic.asm):00142         ED03    CMPX    USRTOP
04AD 270E             (        basic.asm):00143                 BEQ     ED35
04AF A680             (        basic.asm):00144                 LDA     ,X+
04B1 9F90             (        basic.asm):00145                 STX     CHAR
04B3 9E8A             (        basic.asm):00146                 LDX     SAVESP
04B5 A780             (        basic.asm):00147                 STA     ,X+
04B7 9F8A             (        basic.asm):00148                 STX     SAVESP
04B9 9E90             (        basic.asm):00149                 LDX     CHAR
04BB 20EE             (        basic.asm):00150                 BRA     ED03
04BD 9E8A             (        basic.asm):00151         ED35    LDX     SAVESP
04BF 9F82             (        basic.asm):00152                 STX     USRTOP
04C1 9F84             (        basic.asm):00153                 STX     STKLIM
04C3 9E8E             (        basic.asm):00154         ED04    LDX     SCRTCH
04C5 C6FF             (        basic.asm):00155                 LDB     #-1
04C7 5C               (        basic.asm):00156         ED05    INCB
04C8 A680             (        basic.asm):00157                 LDA     ,X+
04CA 8104             (        basic.asm):00158                 CMPA    #EOL
04CC 26F9             (        basic.asm):00159                 BNE     ED05
04CE 5D               (        basic.asm):00160                 TSTB
04CF 2603             (        basic.asm):00161                 BNE     ED55
04D1 3262             (        basic.asm):00162                 LEAS    2,S
04D3 39               (        basic.asm):00163                 RTS
04D4 301F             (        basic.asm):00164         ED55    LEAX    -1,X
04D6 CB04             (        basic.asm):00165                 ADDB    #4
04D8 301F             (        basic.asm):00166         ED06    LEAX    -1,X
04DA 5A               (        basic.asm):00167                 DECB
04DB A600             (        basic.asm):00168                 LDA     0,X
04DD 8120             (        basic.asm):00169                 CMPA    #SPACE
04DF 27F7             (        basic.asm):00170                 BEQ     ED06
04E1 8604             (        basic.asm):00171                 LDA     #EOL
04E3 A701             (        basic.asm):00172                 STA     1,X
04E5 4F               (        basic.asm):00173                 CLRA
04E6 9E82             (        basic.asm):00174                 LDX     USRTOP
04E8 9F90             (        basic.asm):00175                 STX     CHAR
04EA D382             (        basic.asm):00176                 ADDD    USRTOP
04EC DD82             (        basic.asm):00177                 STD     USRTOP
04EE DD84             (        basic.asm):00178                 STD     STKLIM
04F0 BD0757           (        basic.asm):00179                 JSR     TSTSTK
04F3 2407             (        basic.asm):00180                 BCC     ED07
04F5 9F82             (        basic.asm):00181                 STX     USRTOP
04F7 9F84             (        basic.asm):00182                 STX     STKLIM
04F9 7E0544           (        basic.asm):00183                 JMP     ERRORF
04FC 9E82             (        basic.asm):00184         ED07    LDX     USRTOP
04FE 9F8A             (        basic.asm):00185         ED08    STX     SAVESP
0500 9E90             (        basic.asm):00186                 LDX     CHAR
0502 9C88             (        basic.asm):00187                 CMPX    CURSOR
0504 270A             (        basic.asm):00188                 BEQ     ED09
0506 A682             (        basic.asm):00189                 LDA     ,-X
0508 9F90             (        basic.asm):00190                 STX     CHAR
050A 9E8A             (        basic.asm):00191                 LDX     SAVESP
050C A782             (        basic.asm):00192                 STA     ,-X
050E 20EE             (        basic.asm):00193                 BRA     ED08
0510 3506             (        basic.asm):00194         ED09    PULS    D
0512 9E88             (        basic.asm):00195                 LDX     CURSOR
0514 ED81             (        basic.asm):00196                 STD     ,X++
0516 9F90             (        basic.asm):00197                 STX     CHAR
0518 9E8E             (        basic.asm):00198         ED10    LDX     SCRTCH
051A A680             (        basic.asm):00199                 LDA     ,X+
051C 9F8E             (        basic.asm):00200                 STX     SCRTCH
051E 9E90             (        basic.asm):00201                 LDX     CHAR
0520 A780             (        basic.asm):00202                 STA     ,X+
0522 9F90             (        basic.asm):00203                 STX     CHAR
0524 8104             (        basic.asm):00204                 CMPA    #EOL
0526 26F0             (        basic.asm):00205                 BNE     ED10
0528 39               (        basic.asm):00206                 RTS
                      (        basic.asm):00207         ******************************
                      (        basic.asm):00208         ******************************
0529 BD0B9D           (        basic.asm):00209         PUTS01  JSR     PUTCHR
052C 3001             (        basic.asm):00210                 LEAX    1,X
052E A600             (        basic.asm):00211         PUTSTR  LDA     0,X
0530 8104             (        basic.asm):00212                 CMPA    #EOL
0532 26F5             (        basic.asm):00213                 BNE     PUTS01
0534 39               (        basic.asm):00214                 RTS
                      (        basic.asm):00215         ******************************
                      (        basic.asm):00216         ******************************
0535 8E053D           (        basic.asm):00217         CRLF    LDX     #CRLFST
0538 8DF4             (        basic.asm):00218                 BSR     PUTSTR
053A 0F92             (        basic.asm):00219                 CLR     ZONE
053C 39               (        basic.asm):00220                 RTS
053D 0D0A7F00000004   (        basic.asm):00221         CRLFST  FCB     CR,LF,DEL,FILL,FILL,FILL,EOL
                      (        basic.asm):00222         ******************************
                      (        basic.asm):00223         ******************************
0544 8D26             (        basic.asm):00224         ERRORF  BSR     ER01
0546 534F525259       (        basic.asm):00225                 FCC     /SORRY/
054B 04               (        basic.asm):00226                 FCB     EOL
054C 8D1E             (        basic.asm):00227         ERRORS  BSR     ER01
054E 57484154203F     (        basic.asm):00228                 FCC     /WHAT ?/
0554 04               (        basic.asm):00229                 FCB     EOL
0555 8D15             (        basic.asm):00230         ERRORR  BSR     ER01
0557 484F57203F       (        basic.asm):00231                 FCC     /HOW ?/
055C 04               (        basic.asm):00232                 FCB     EOL
055D 8D0D             (        basic.asm):00233         BREAK   BSR     ER01
055F 425245414B       (        basic.asm):00234                 FCC     /BREAK/
0564 04               (        basic.asm):00235                 FCB     EOL
0565 8D05             (        basic.asm):00236         END     BSR     ER01
0567 53544F50         (        basic.asm):00237                 FCC     /STOP/
056B 04               (        basic.asm):00238                 FCB     EOL
056C 8DC7             (        basic.asm):00239         ER01    BSR     CRLF
056E 8607             (        basic.asm):00240                 LDA     #BELL
0570 BD0B9D           (        basic.asm):00241                 JSR     PUTCHR
0573 DC8C             (        basic.asm):00242                 LDD     LINENB
0575 BD0A55           (        basic.asm):00243                 JSR     PRNT4
0578 8620             (        basic.asm):00244                 LDA     #SPACE
057A BD0B9D           (        basic.asm):00245                 JSR     PUTCHR
057D 3510             (        basic.asm):00246                 PULS    X
057F 8DAD             (        basic.asm):00247                 BSR     PUTSTR
0581 8DB2             (        basic.asm):00248                 BSR     CRLF
0583 7E0427           (        basic.asm):00249                 JMP     CMDB
                      (        basic.asm):00250         ******************************
                      (        basic.asm):00251         ******************************
0586 8DAD             (        basic.asm):00252         GL00    BSR     CRLF
0588 8E4000           (        basic.asm):00253         GETLIN  LDX     #BUFFER
058B BD0B96           (        basic.asm):00254         GL03    JSR     GETCHR
058E 8120             (        basic.asm):00255                 CMPA    #SPACE
0590 2511             (        basic.asm):00256                 BCS     GL05
0592 817F             (        basic.asm):00257                 CMPA    #$7F
0594 27F5             (        basic.asm):00258                 BEQ     GL03
0596 8C4048           (        basic.asm):00259                 CMPX    #BUFFER+BSIZE-1
0599 2604             (        basic.asm):00260                 BNE     GL04
059B 8607             (        basic.asm):00261                 LDA     #BELL
059D 2002             (        basic.asm):00262                 BRA     GL02
059F A780             (        basic.asm):00263         GL04    STA     ,X+
05A1                  (        basic.asm):00264         GL02
                      (        basic.asm):00265             ; JSR       PUTCHR ; skip echo
05A1 20E8             (        basic.asm):00266                 BRA     GL03
05A3 8108             (        basic.asm):00267         GL05    CMPA    #BS
05A5 2724             (        basic.asm):00268                 BEQ     GL07
05A7 8118             (        basic.asm):00269                 CMPA    #CAN
05A9 27DB             (        basic.asm):00270                 BEQ     GL00
05AB 810A             (        basic.asm):00271                 CMPA    #LF
05AD 2731             (        basic.asm):00272                 BEQ     GL09
05AF 810D             (        basic.asm):00273                 CMPA    #CR
05B1 26D8             (        basic.asm):00274                 BNE     GL03
05B3 0D93             (        basic.asm):00275                 TST     MODE
05B5 2705             (        basic.asm):00276                 BEQ     GL06
05B7 BD0B9D           (        basic.asm):00277                 JSR     PUTCHR
05BA 2007             (        basic.asm):00278                 BRA     GL08
05BC 3410             (        basic.asm):00279         GL06    PSHS    X
05BE BD0535           (        basic.asm):00280                 JSR     CRLF
05C1 3510             (        basic.asm):00281                 PULS    X
05C3 8604             (        basic.asm):00282         GL08    LDA     #EOL
05C5 A700             (        basic.asm):00283                 STA     0,X
05C7 8E4000           (        basic.asm):00284                 LDX     #BUFFER
05CA 39               (        basic.asm):00285                 RTS
05CB 8C4000           (        basic.asm):00286         GL07    CMPX    #BUFFER
05CE 27BB             (        basic.asm):00287                 BEQ     GL03
05D0 301F             (        basic.asm):00288                 LEAX    -1,X
05D2 8608             (        basic.asm):00289                 LDA     #BS
05D4 BD0B9D           (        basic.asm):00290                 JSR     PUTCHR
05D7 8620             (        basic.asm):00291                 LDA     #SPACE
05D9 BD0B9D           (        basic.asm):00292                 JSR     PUTCHR
05DC 8608             (        basic.asm):00293                 LDA     #BS
05DE 20C1             (        basic.asm):00294                 BRA     GL02
05E0 1A01             (        basic.asm):00295         GL09    ORCC    #$01
05E2 0693             (        basic.asm):00296                 ROR     MODE
05E4 20BB             (        basic.asm):00297                 BRA     GL02
                      (        basic.asm):00298         ******************************
                      (        basic.asm):00299         ******************************
05E6 3001             (        basic.asm):00300         REM00   LEAX    1,X
05E8 8D66             (        basic.asm):00301         REM     BSR     SKIPSP
05EA 8104             (        basic.asm):00302                 CMPA    #EOL
05EC 26F8             (        basic.asm):00303                 BNE     REM00
05EE BD0928           (        basic.asm):00304         ENDSMT  JSR     TSTEOL
05F1 968C             (        basic.asm):00305         ENDS02  LDA     LINENB
05F3 9A8D             (        basic.asm):00306                 ORA     LINENB+1
05F5 2714             (        basic.asm):00307                 BEQ     REM09
05F7 9C82             (        basic.asm):00308         REM05   CMPX    USRTOP
05F9 2603             (        basic.asm):00309                 BNE     NXTLIN
05FB 7E0555           (        basic.asm):00310                 JMP     ERRORR
05FE EC81             (        basic.asm):00311         NXTLIN  LDD     ,X++
0600 DD8C             (        basic.asm):00312                 STD     LINENB
0602 BD0B94           (        basic.asm):00313         MSLINE  JSR     TSTBRK
0605 8D08             (        basic.asm):00314                 BSR     IFAN
0607 2503             (        basic.asm):00315                 BCS     IMPLET
0609 3406             (        basic.asm):00316                 PSHS    D
060B 39               (        basic.asm):00317         REM09   RTS
060C 7E0939           (        basic.asm):00318         IMPLET  JMP     LET
                      (        basic.asm):00319         ******************************
                      (        basic.asm):00320         ******************************
060F 8D3F             (        basic.asm):00321         IFAN    BSR     SKIPSP
0611 9F88             (        basic.asm):00322                 STX     CURSOR
0613 8E0B2E           (        basic.asm):00323                 LDX     #VERBT
0616 A680             (        basic.asm):00324         FAN00   LDA     ,X+
0618 8104             (        basic.asm):00325                 CMPA    #EOL
061A 2605             (        basic.asm):00326                 BNE     FAN04
061C 9E88             (        basic.asm):00327                 LDX     CURSOR
061E 1A01             (        basic.asm):00328                 ORCC    #$01
0620 39               (        basic.asm):00329                 RTS
0621 9F90             (        basic.asm):00330         FAN04   STX     CHAR
0623 9E88             (        basic.asm):00331                 LDX     CURSOR
0625 9F8E             (        basic.asm):00332                 STX     SCRTCH
0627 9E8E             (        basic.asm):00333         FAN05   LDX     SCRTCH
0629 A100             (        basic.asm):00334                 CMPA    0,X
062B 2615             (        basic.asm):00335                 BNE     FAN07
062D 3001             (        basic.asm):00336                 LEAX    1,X
062F 9F8E             (        basic.asm):00337                 STX     SCRTCH
0631 9E90             (        basic.asm):00338                 LDX     CHAR
0633 A680             (        basic.asm):00339                 LDA     ,X+
0635 9F90             (        basic.asm):00340                 STX     CHAR
0637 8104             (        basic.asm):00341                 CMPA    #EOL
0639 26EC             (        basic.asm):00342                 BNE     FAN05
063B EC00             (        basic.asm):00343                 LDD     0,X
063D 9E8E             (        basic.asm):00344                 LDX     SCRTCH
063F 1CFE             (        basic.asm):00345                 ANDCC   #$FE
0641 39               (        basic.asm):00346                 RTS
0642 9E90             (        basic.asm):00347         FAN07   LDX     CHAR
0644 A680             (        basic.asm):00348         FAN08   LDA     ,X+
0646 8104             (        basic.asm):00349                 CMPA    #EOL
0648 26FA             (        basic.asm):00350                 BNE     FAN08
064A 3002             (        basic.asm):00351                 LEAX    2,X
064C 20C8             (        basic.asm):00352                 BRA     FAN00
                      (        basic.asm):00353         ******************************
                      (        basic.asm):00354         ******************************
064E 3001             (        basic.asm):00355         NXTNSP  LEAX    1,X
0650 A600             (        basic.asm):00356         SKIPSP  LDA     0,X
0652 8120             (        basic.asm):00357                 CMPA    #SPACE
0654 27F8             (        basic.asm):00358                 BEQ     NXTNSP
0656 39               (        basic.asm):00359                 RTS
                      (        basic.asm):00360         ******************************
                      (        basic.asm):00361         ******************************
0657 8D1A             (        basic.asm):00362         TSTHEX  BSR     TSTDIG
0659 2422             (        basic.asm):00363                 BCC     TST05
065B 8141             (        basic.asm):00364                 CMPA    #'A
065D 2511             (        basic.asm):00365                 BCS     TST03
065F 8146             (        basic.asm):00366                 CMPA    #'F
0661 220D             (        basic.asm):00367                 BHI     TST03
0663 8037             (        basic.asm):00368                 SUBA    #'A-10
0665 1CFE             (        basic.asm):00369                 ANDCC   #$FE
0667 39               (        basic.asm):00370                 RTS
                      (        basic.asm):00371         ******************************
                      (        basic.asm):00372         ******************************
0668 8141             (        basic.asm):00373         TSTLTR  CMPA    #'A
066A 2504             (        basic.asm):00374                 BCS     TST03
066C 815A             (        basic.asm):00375                 CMPA    #'Z
066E 230D             (        basic.asm):00376                 BLS     TST05
0670 1A01             (        basic.asm):00377         TST03   ORCC    #$01
0672 39               (        basic.asm):00378                 RTS
                      (        basic.asm):00379         ******************************
                      (        basic.asm):00380         ******************************
0673 8130             (        basic.asm):00381         TSTDIG  CMPA    #'0
0675 25F9             (        basic.asm):00382                 BCS     TST03
0677 8139             (        basic.asm):00383                 CMPA    #'9
0679 22F5             (        basic.asm):00384                 BHI     TST03
067B 8030             (        basic.asm):00385                 SUBA    #'0
067D 1CFE             (        basic.asm):00386         TST05   ANDCC   #$FE
067F 39               (        basic.asm):00387                 RTS
                      (        basic.asm):00388         ******************************
                      (        basic.asm):00389         ******************************
0680 8DCE             (        basic.asm):00390         TSTVAR  BSR     SKIPSP
0682 8DE4             (        basic.asm):00391                 BSR     TSTLTR
0684 2512             (        basic.asm):00392                 BCS     TSTV03
0686 1F89             (        basic.asm):00393                 TFR     A,B
0688 A601             (        basic.asm):00394                 LDA     1,X
068A 8DDC             (        basic.asm):00395                 BSR     TSTLTR
068C 24E2             (        basic.asm):00396                 BCC     TST03
068E 3001             (        basic.asm):00397                 LEAX    1,X
0690 C041             (        basic.asm):00398                 SUBB    #'A
0692 58               (        basic.asm):00399                 ASLB
0693 4F               (        basic.asm):00400                 CLRA
0694 D386             (        basic.asm):00401                 ADDD    STKTOP
0696 1CFE             (        basic.asm):00402         TSTV02  ANDCC   #$FE
0698 39               (        basic.asm):00403         TSTV03  RTS
                      (        basic.asm):00404         ******************************
                      (        basic.asm):00405         ******************************
0699 BD0907           (        basic.asm):00406         USER    JSR     ARGONE
069C 3406             (        basic.asm):00407                 PSHS    D
069E BD0650           (        basic.asm):00408                 JSR     SKIPSP
06A1 812C             (        basic.asm):00409                 CMPA    #',
06A3 2709             (        basic.asm):00410                 BEQ     USER03
06A5 8129             (        basic.asm):00411                 CMPA    #')
06A7 1A01             (        basic.asm):00412                 ORCC    #$01
06A9 2715             (        basic.asm):00413                 BEQ     USER05
06AB 7E054C           (        basic.asm):00414         USER02  JMP     ERRORS
06AE 3001             (        basic.asm):00415         USER03  LEAX    1,X
06B0 BD083A           (        basic.asm):00416                 JSR     EXPR
06B3 3402             (        basic.asm):00417                 PSHS    A
06B5 BD0650           (        basic.asm):00418                 JSR     SKIPSP
06B8 8129             (        basic.asm):00419                 CMPA    #')
06BA 3502             (        basic.asm):00420                 PULS    A
06BC 26ED             (        basic.asm):00421                 BNE     USER02
06BE 1CFE             (        basic.asm):00422                 ANDCC   #$FE
06C0 3001             (        basic.asm):00423         USER05  LEAX    1,X
06C2 9F88             (        basic.asm):00424                 STX     CURSOR
06C4 ADF1             (        basic.asm):00425                 JSR     [,S++]
06C6 9E88             (        basic.asm):00426                 LDX     CURSOR
06C8 1CFE             (        basic.asm):00427                 ANDCC   #$FE
06CA 39               (        basic.asm):00428                 RTS
                      (        basic.asm):00429         ******************************
                      (        basic.asm):00430         ******************************
06CB BD0650           (        basic.asm):00431         TSTSNB  JSR     SKIPSP
06CE 812D             (        basic.asm):00432                 CMPA    #'-
06D0 260D             (        basic.asm):00433                 BNE     TSTNBR
06D2 3001             (        basic.asm):00434                 LEAX    1,X
06D4 8D09             (        basic.asm):00435                 BSR     TSTNBR
06D6 2506             (        basic.asm):00436                 BCS     TSN02
06D8 40               (        basic.asm):00437                 NEGA
06D9 50               (        basic.asm):00438                 NEGB
06DA 8200             (        basic.asm):00439                 SBCA    #0
06DC 1CFC             (        basic.asm):00440                 ANDCC   #$FC
06DE 39               (        basic.asm):00441         TSN02   RTS
                      (        basic.asm):00442         ******************************
                      (        basic.asm):00443         ******************************
06DF BD0650           (        basic.asm):00444         TSTNBR  JSR     SKIPSP
06E2 BD0673           (        basic.asm):00445                 JSR     TSTDIG
06E5 242F             (        basic.asm):00446                 BCC     TSTN02
06E7 8124             (        basic.asm):00447                 CMPA    #'$
06E9 1A01             (        basic.asm):00448                 ORCC    #$01
06EB 2660             (        basic.asm):00449                 BNE     TSTN09
06ED 3001             (        basic.asm):00450         TSTN20  LEAX    1,X
06EF 6FE2             (        basic.asm):00451                 CLR     ,-S
06F1 6FE2             (        basic.asm):00452                 CLR     ,-S
06F3 A600             (        basic.asm):00453         TSTN23  LDA     0,X
06F5 BD0657           (        basic.asm):00454                 JSR     TSTHEX
06F8 254F             (        basic.asm):00455                 BCS     TSTN07
06FA 3001             (        basic.asm):00456                 LEAX    1,X
06FC 3410             (        basic.asm):00457                 PSHS    X
06FE 3402             (        basic.asm):00458                 PSHS    A
0700 EC63             (        basic.asm):00459                 LDD     3,S
0702 85F0             (        basic.asm):00460                 BITA    #$F0
0704 264A             (        basic.asm):00461                 BNE     TSTN11
0706 58               (        basic.asm):00462                 ASLB
0707 49               (        basic.asm):00463                 ROLA
0708 58               (        basic.asm):00464                 ASLB
0709 49               (        basic.asm):00465                 ROLA
070A 58               (        basic.asm):00466                 ASLB
070B 49               (        basic.asm):00467                 ROLA
070C 58               (        basic.asm):00468                 ASLB
070D 49               (        basic.asm):00469                 ROLA
070E EBE0             (        basic.asm):00470                 ADDB    ,S+
0710 ED62             (        basic.asm):00471                 STD     2,S
0712 3510             (        basic.asm):00472                 PULS    X
0714 20DD             (        basic.asm):00473                 BRA     TSTN23
0716 3001             (        basic.asm):00474         TSTN02  LEAX    1,X
0718 3402             (        basic.asm):00475                 PSHS    A
071A 6FE2             (        basic.asm):00476                 CLR     ,-S
071C A600             (        basic.asm):00477         TSTN03  LDA     0,X
071E BD0673           (        basic.asm):00478                 JSR     TSTDIG
0721 2526             (        basic.asm):00479                 BCS     TSTN07
0723 3001             (        basic.asm):00480                 LEAX    1,X
0725 3410             (        basic.asm):00481                 PSHS    X
0727 3402             (        basic.asm):00482                 PSHS    A
0729 EC63             (        basic.asm):00483                 LDD     3,S
072B 58               (        basic.asm):00484                 ASLB
072C 49               (        basic.asm):00485                 ROLA
072D 2921             (        basic.asm):00486                 BVS     TSTN11
072F 58               (        basic.asm):00487                 ASLB
0730 49               (        basic.asm):00488                 ROLA
0731 291D             (        basic.asm):00489                 BVS     TSTN11
0733 E363             (        basic.asm):00490                 ADDD    3,S
0735 2919             (        basic.asm):00491                 BVS     TSTN11
0737 58               (        basic.asm):00492                 ASLB
0738 49               (        basic.asm):00493                 ROLA
0739 2915             (        basic.asm):00494                 BVS     TSTN11
073B EB60             (        basic.asm):00495                 ADDB    0,S
073D 8900             (        basic.asm):00496                 ADCA    #0
073F 290F             (        basic.asm):00497                 BVS     TSTN11
0741 ED63             (        basic.asm):00498                 STD     3,S
0743 3261             (        basic.asm):00499                 LEAS    1,S
0745 3510             (        basic.asm):00500                 PULS    X
0747 20D3             (        basic.asm):00501                 BRA     TSTN03
0749 3506             (        basic.asm):00502         TSTN07  PULS    D
074B 1CFE             (        basic.asm):00503                 ANDCC   #$FE
074D 1CFD             (        basic.asm):00504         TSTN09  ANDCC   #$FD
074F 39               (        basic.asm):00505                 RTS
0750 AE61             (        basic.asm):00506         TSTN11  LDX     1,S
0752 3265             (        basic.asm):00507                 LEAS    5,S
0754 1A03             (        basic.asm):00508                 ORCC    #$03
0756 39               (        basic.asm):00509                 RTS
                      (        basic.asm):00510         ******************************
                      (        basic.asm):00511         ******************************
0757 10DF8A           (        basic.asm):00512         TSTSTK  STS     SAVESP
075A DC8A             (        basic.asm):00513                 LDD     SAVESP
075C 830030           (        basic.asm):00514                 SUBD    #STKCUS
075F 9384             (        basic.asm):00515                 SUBD    STKLIM
0761 39               (        basic.asm):00516                 RTS
                      (        basic.asm):00517         ******************************
                      (        basic.asm):00518         ******************************
0762 BD08F4           (        basic.asm):00519         PEEK    JSR     PAREXP
0765 3406             (        basic.asm):00520                 PSHS    D
0767 3410             (        basic.asm):00521                 PSHS    X
0769 E6F802           (        basic.asm):00522                 LDB     [2,S]
076C 3510             (        basic.asm):00523                 PULS    X
076E 3262             (        basic.asm):00524                 LEAS    2,S
0770 4F               (        basic.asm):00525                 CLRA
0771 39               (        basic.asm):00526                 RTS
                      (        basic.asm):00527         ******************************
                      (        basic.asm):00528         ******************************
0772 BD08F4           (        basic.asm):00529         POKE    JSR     PAREXP
0775 3406             (        basic.asm):00530                 PSHS    D
0777 BD0650           (        basic.asm):00531                 JSR     SKIPSP
077A 813D             (        basic.asm):00532                 CMPA    #'=
077C 2703             (        basic.asm):00533                 BEQ     POKE05
077E 7E054C           (        basic.asm):00534                 JMP     ERRORS
0781 3001             (        basic.asm):00535         POKE05  LEAX    1,X
0783 BD083A           (        basic.asm):00536                 JSR     EXPR
0786 BD0928           (        basic.asm):00537                 JSR     TSTEOL
0789 3410             (        basic.asm):00538                 PSHS    X
078B E7F802           (        basic.asm):00539                 STB     [2,S]
078E 3510             (        basic.asm):00540                 PULS    X
0790 3262             (        basic.asm):00541                 LEAS    2,S
0792 7E05F1           (        basic.asm):00542                 JMP     ENDS02
                      (        basic.asm):00543         ******************************
                      (        basic.asm):00544         ******************************
0795 BD0650           (        basic.asm):00545         TSTFUN  JSR     SKIPSP
0798 9F88             (        basic.asm):00546                 STX     CURSOR
079A 8E07A5           (        basic.asm):00547                 LDX     #FUNT
079D BD0616           (        basic.asm):00548                 JSR     FAN00
07A0 2502             (        basic.asm):00549                 BCS     TSTF05
07A2 3406             (        basic.asm):00550                 PSHS    D
07A4 39               (        basic.asm):00551         TSTF05  RTS
                      (        basic.asm):00552         ******************************
                      (        basic.asm):00553         ******************************
07A5 555352           (        basic.asm):00554         FUNT    FCC     /USR/
07A8 04               (        basic.asm):00555                 FCB     EOL
07A9 0699             (        basic.asm):00556                 FDB     USER
07AB 5045454B         (        basic.asm):00557                 FCC     /PEEK/
07AF 04               (        basic.asm):00558                 FCB     EOL
07B0 0762             (        basic.asm):00559                 FDB     PEEK
07B2 4D454D           (        basic.asm):00560                 FCC     /MEM/
07B5 04               (        basic.asm):00561                 FCB     EOL
07B6 0757             (        basic.asm):00562                 FDB     TSTSTK
07B8 04               (        basic.asm):00563                 FCB     EOL
                      (        basic.asm):00564         ******************************
                      (        basic.asm):00565         ******************************
07B9 9E80             (        basic.asm):00566         FLINE   LDX     USRBAS
07BB 9C82             (        basic.asm):00567         FNDLIN  CMPX    USRTOP
07BD 2603             (        basic.asm):00568                 BNE     FND03
07BF 1A03             (        basic.asm):00569                 ORCC    #$03
07C1 39               (        basic.asm):00570                 RTS
07C2 10A300           (        basic.asm):00571         FND03   CMPD    0,X
07C5 2603             (        basic.asm):00572                 BNE     FND05
07C7 1CFC             (        basic.asm):00573                 ANDCC   #$FC
07C9 39               (        basic.asm):00574                 RTS
07CA 2405             (        basic.asm):00575         FND05   BCC     FND07
07CC 1A01             (        basic.asm):00576                 ORCC    #$01
07CE 1CFD             (        basic.asm):00577                 ANDCC   #$FD
07D0 39               (        basic.asm):00578                 RTS
07D1 3402             (        basic.asm):00579         FND07   PSHS    A
07D3 8604             (        basic.asm):00580                 LDA     #EOL
07D5 3001             (        basic.asm):00581                 LEAX    1,X
07D7 3001             (        basic.asm):00582         FND09   LEAX    1,X
07D9 A100             (        basic.asm):00583                 CMPA    0,X
07DB 26FA             (        basic.asm):00584                 BNE     FND09
07DD 3502             (        basic.asm):00585                 PULS    A
07DF 3001             (        basic.asm):00586                 LEAX    1,X
07E1 20D8             (        basic.asm):00587                 BRA     FNDLIN
                      (        basic.asm):00588         ******************************
                      (        basic.asm):00589         ******************************
07E3 8D55             (        basic.asm):00590         RELEXP  BSR     EXPR
07E5 3406             (        basic.asm):00591                 PSHS    D
07E7 5F               (        basic.asm):00592                 CLRB
07E8 BD0650           (        basic.asm):00593                 JSR     SKIPSP
07EB 813D             (        basic.asm):00594                 CMPA    #'=
07ED 2723             (        basic.asm):00595                 BEQ     REL06
07EF 813C             (        basic.asm):00596                 CMPA    #'<
07F1 2610             (        basic.asm):00597                 BNE     REL03
07F3 3001             (        basic.asm):00598                 LEAX    1,X
07F5 5C               (        basic.asm):00599                 INCB
07F6 BD0650           (        basic.asm):00600                 JSR     SKIPSP
07F9 813E             (        basic.asm):00601                 CMPA    #'>
07FB 2611             (        basic.asm):00602                 BNE     REL05
07FD 3001             (        basic.asm):00603                 LEAX    1,X
07FF CB04             (        basic.asm):00604                 ADDB    #4
0801 2013             (        basic.asm):00605                 BRA     REL07
0803 813E             (        basic.asm):00606         REL03   CMPA    #'>
0805 265F             (        basic.asm):00607                 BNE     EXPR06
0807 3001             (        basic.asm):00608                 LEAX    1,X
0809 CB04             (        basic.asm):00609                 ADDB    #4
080B BD0650           (        basic.asm):00610                 JSR     SKIPSP
080E 813D             (        basic.asm):00611         REL05   CMPA    #'=
0810 2604             (        basic.asm):00612                 BNE     REL07
0812 3001             (        basic.asm):00613         REL06   LEAX    1,X
0814 CB02             (        basic.asm):00614                 ADDB    #2
0816 3404             (        basic.asm):00615         REL07   PSHS    B
0818 8D20             (        basic.asm):00616                 BSR     EXPR
081A 3410             (        basic.asm):00617                 PSHS    X
081C A363             (        basic.asm):00618                 SUBD    3,S
081E 1FA8             (        basic.asm):00619                 TFR     CC,A
0820 44               (        basic.asm):00620                 LSRA
0821 1F89             (        basic.asm):00621                 TFR     A,B
0823 48               (        basic.asm):00622                 ASLA
0824 48               (        basic.asm):00623                 ASLA
0825 3404             (        basic.asm):00624                 PSHS    B
0827 ABE0             (        basic.asm):00625                 ADDA    ,S+
0829 8406             (        basic.asm):00626                 ANDA    #$06
082B 2601             (        basic.asm):00627                 BNE     REL08
082D 4C               (        basic.asm):00628                 INCA
082E 5F               (        basic.asm):00629         REL08   CLRB
082F A462             (        basic.asm):00630                 ANDA    2,S
0831 2701             (        basic.asm):00631                 BEQ     REL09
0833 53               (        basic.asm):00632                 COMB
0834 4F               (        basic.asm):00633         REL09   CLRA
0835 3510             (        basic.asm):00634                 PULS    X
0837 3263             (        basic.asm):00635                 LEAS    3,S
0839 39               (        basic.asm):00636                 RTS
                      (        basic.asm):00637         ******************************
                      (        basic.asm):00638         ******************************
083A 6FE2             (        basic.asm):00639         EXPR    CLR     ,-S
083C 6FE2             (        basic.asm):00640                 CLR     ,-S
083E BD0650           (        basic.asm):00641                 JSR     SKIPSP
0841 812D             (        basic.asm):00642                 CMPA    #'-
0843 2717             (        basic.asm):00643                 BEQ     EXPR05
0845 812B             (        basic.asm):00644                 CMPA    #'+
0847 2602             (        basic.asm):00645                 BNE     EXPR03
0849 3001             (        basic.asm):00646         EXPR02  LEAX    1,X
084B 8D1C             (        basic.asm):00647         EXPR03  BSR     TERM
084D E360             (        basic.asm):00648         EXPR04  ADDD    0,S
084F ED60             (        basic.asm):00649                 STD     0,S
0851 BD0650           (        basic.asm):00650                 JSR     SKIPSP
0854 812B             (        basic.asm):00651                 CMPA    #'+
0856 27F1             (        basic.asm):00652                 BEQ     EXPR02
0858 812D             (        basic.asm):00653                 CMPA    #'-
085A 260A             (        basic.asm):00654                 BNE     EXPR06
085C 3001             (        basic.asm):00655         EXPR05  LEAX    1,X
085E 8D09             (        basic.asm):00656                 BSR     TERM
0860 40               (        basic.asm):00657                 NEGA
0861 50               (        basic.asm):00658                 NEGB
0862 8200             (        basic.asm):00659                 SBCA    #0
0864 20E7             (        basic.asm):00660                 BRA     EXPR04
0866 3506             (        basic.asm):00661         EXPR06  PULS    D
0868 39               (        basic.asm):00662                 RTS
                      (        basic.asm):00663         ******************************
                      (        basic.asm):00664         ******************************
0869 BD08DC           (        basic.asm):00665         TERM    JSR     FACT
086C 3406             (        basic.asm):00666                 PSHS    D
086E BD0650           (        basic.asm):00667         TERM03  JSR     SKIPSP
0871 812A             (        basic.asm):00668                 CMPA    #'*
0873 2748             (        basic.asm):00669                 BEQ     TERM07
0875 812F             (        basic.asm):00670                 CMPA    #'/
0877 2703             (        basic.asm):00671                 BEQ     TERM05
0879 3506             (        basic.asm):00672                 PULS    D
087B 39               (        basic.asm):00673                 RTS
087C 3001             (        basic.asm):00674         TERM05  LEAX    1,X
087E 8D5C             (        basic.asm):00675                 BSR     FACT
0880 3410             (        basic.asm):00676                 PSHS    X
0882 3062             (        basic.asm):00677                 LEAX    2,S
0884 3406             (        basic.asm):00678                 PSHS    D
0886 A800             (        basic.asm):00679                 EORA    0,X
0888 BD091B           (        basic.asm):00680                 JSR     ABSX
088B 3060             (        basic.asm):00681                 LEAX    0,S
088D BD091B           (        basic.asm):00682                 JSR     ABSX
0890 3402             (        basic.asm):00683                 PSHS    A
0892 8611             (        basic.asm):00684                 LDA     #17
0894 3402             (        basic.asm):00685                 PSHS    A
0896 4F               (        basic.asm):00686                 CLRA
0897 5F               (        basic.asm):00687                 CLRB
0898 A362             (        basic.asm):00688         DIV05   SUBD    2,S
089A 2406             (        basic.asm):00689                 BCC     DIV07
089C E362             (        basic.asm):00690                 ADDD    2,S
089E 1CFE             (        basic.asm):00691                 ANDCC   #$FE
08A0 2002             (        basic.asm):00692                 BRA     DIV09
08A2 1A01             (        basic.asm):00693         DIV07   ORCC    #$01
08A4 6967             (        basic.asm):00694         DIV09   ROL     7,S
08A6 6966             (        basic.asm):00695                 ROL     6,S
08A8 59               (        basic.asm):00696                 ROLB
08A9 49               (        basic.asm):00697                 ROLA
08AA 6A60             (        basic.asm):00698                 DEC     0,S
08AC 26EA             (        basic.asm):00699                 BNE     DIV05
08AE A661             (        basic.asm):00700                 LDA     1,S
08B0 3264             (        basic.asm):00701                 LEAS    4,S
08B2 4D               (        basic.asm):00702                 TSTA
08B3 2A04             (        basic.asm):00703                 BPL     TERM06
08B5 3062             (        basic.asm):00704                 LEAX    2,S
08B7 8D66             (        basic.asm):00705                 BSR     NEGX
08B9 3510             (        basic.asm):00706         TERM06  PULS    X
08BB 20B1             (        basic.asm):00707                 BRA     TERM03
08BD 3001             (        basic.asm):00708         TERM07  LEAX    1,X
08BF 8D1B             (        basic.asm):00709                 BSR     FACT
08C1 3404             (        basic.asm):00710         MULT    PSHS    B
08C3 E662             (        basic.asm):00711                 LDB     2,S
08C5 3D               (        basic.asm):00712                 MUL
08C6 A661             (        basic.asm):00713                 LDA     1,S
08C8 E761             (        basic.asm):00714                 STB     1,S
08CA E660             (        basic.asm):00715                 LDB     0,S
08CC 3D               (        basic.asm):00716                 MUL
08CD A662             (        basic.asm):00717                 LDA     2,S
08CF E762             (        basic.asm):00718                 STB     2,S
08D1 3504             (        basic.asm):00719                 PULS    B
08D3 3D               (        basic.asm):00720                 MUL
08D4 AB60             (        basic.asm):00721                 ADDA    0,S
08D6 AB61             (        basic.asm):00722                 ADDA    1,S
08D8 ED60             (        basic.asm):00723                 STD     0,S
08DA 2092             (        basic.asm):00724                 BRA     TERM03
                      (        basic.asm):00725         ******************************
                      (        basic.asm):00726         ******************************
08DC BD0680           (        basic.asm):00727         FACT    JSR     TSTVAR
08DF 2509             (        basic.asm):00728                 BCS     FACT03
08E1 3410             (        basic.asm):00729                 PSHS    X
08E3 1F01             (        basic.asm):00730                 TFR     D,X
08E5 EC00             (        basic.asm):00731                 LDD     0,X
08E7 3510             (        basic.asm):00732                 PULS    X
08E9 39               (        basic.asm):00733         FACT02  RTS
08EA BD06DF           (        basic.asm):00734         FACT03  JSR     TSTNBR
08ED 24FA             (        basic.asm):00735                 BCC     FACT02
08EF BD0795           (        basic.asm):00736                 JSR     TSTFUN
08F2 24F5             (        basic.asm):00737                 BCC     FACT02
08F4 8D11             (        basic.asm):00738         PAREXP  BSR     ARGONE
08F6 3402             (        basic.asm):00739                 PSHS    A
08F8 BD0650           (        basic.asm):00740                 JSR     SKIPSP
08FB 8129             (        basic.asm):00741                 CMPA    #')
08FD 3502             (        basic.asm):00742                 PULS    A
08FF 2603             (        basic.asm):00743                 BNE     FACT05
0901 3001             (        basic.asm):00744                 LEAX    1,X
0903 39               (        basic.asm):00745                 RTS
0904 7E054C           (        basic.asm):00746         FACT05  JMP     ERRORS
                      (        basic.asm):00747         ******************************
                      (        basic.asm):00748         ******************************
0907 BD0757           (        basic.asm):00749         ARGONE  JSR     TSTSTK
090A 2403             (        basic.asm):00750                 BCC     FACT04
090C 7E0544           (        basic.asm):00751                 JMP     ERRORF
090F BD0650           (        basic.asm):00752         FACT04  JSR     SKIPSP
0912 8128             (        basic.asm):00753                 CMPA    #'(
0914 26EE             (        basic.asm):00754                 BNE     FACT05
0916 3001             (        basic.asm):00755                 LEAX    1,X
0918 7E083A           (        basic.asm):00756                 JMP     EXPR
                      (        basic.asm):00757         ******************************
                      (        basic.asm):00758         ******************************
091B 6D00             (        basic.asm):00759         ABSX    TST     0,X
091D 2A08             (        basic.asm):00760                 BPL     NEG05
091F 6000             (        basic.asm):00761         NEGX    NEG     0,X
0921 6001             (        basic.asm):00762                 NEG     1,X
0923 2402             (        basic.asm):00763                 BCC     NEG05
0925 6A00             (        basic.asm):00764                 DEC     0,X
0927 39               (        basic.asm):00765         NEG05   RTS
                      (        basic.asm):00766         ******************************
                      (        basic.asm):00767         ******************************
0928 3402             (        basic.asm):00768         TSTEOL  PSHS    A
092A BD0650           (        basic.asm):00769                 JSR     SKIPSP
092D 8104             (        basic.asm):00770                 CMPA    #EOL
092F 2703             (        basic.asm):00771                 BEQ     TEOL03
0931 7E054C           (        basic.asm):00772                 JMP     ERRORS
0934 3001             (        basic.asm):00773         TEOL03  LEAX    1,X
0936 3502             (        basic.asm):00774                 PULS    A
0938 39               (        basic.asm):00775                 RTS
                      (        basic.asm):00776         ******************************
                      (        basic.asm):00777         ******************************
0939 BD0680           (        basic.asm):00778         LET     JSR     TSTVAR
093C 2403             (        basic.asm):00779                 BCC     LET03
093E 7E054C           (        basic.asm):00780                 JMP     ERRORS
0941 3406             (        basic.asm):00781         LET03   PSHS    D
0943 BD0650           (        basic.asm):00782                 JSR     SKIPSP
0946 813D             (        basic.asm):00783                 CMPA    #'=
0948 2703             (        basic.asm):00784                 BEQ     LET05
094A 7E054C           (        basic.asm):00785                 JMP     ERRORS
094D 3001             (        basic.asm):00786         LET05   LEAX    1,X
094F BD083A           (        basic.asm):00787                 JSR     EXPR
0952 8DD4             (        basic.asm):00788                 BSR     TSTEOL
0954 9F88             (        basic.asm):00789                 STX     CURSOR
0956 3510             (        basic.asm):00790                 PULS    X
0958 ED00             (        basic.asm):00791                 STD     0,X
095A 9E88             (        basic.asm):00792                 LDX     CURSOR
095C 7E05F1           (        basic.asm):00793                 JMP     ENDS02
                      (        basic.asm):00794         ******************************
                      (        basic.asm):00795         ******************************
095F BD07E3           (        basic.asm):00796         IF      JSR     RELEXP
0962 5D               (        basic.asm):00797                 TSTB
0963 2703             (        basic.asm):00798                 BEQ     IF03
0965 7E0602           (        basic.asm):00799                 JMP     MSLINE
0968 7E05E8           (        basic.asm):00800         IF03    JMP     REM
                      (        basic.asm):00801         ******************************
                      (        basic.asm):00802         ******************************
096B BD083A           (        basic.asm):00803         GOTO    JSR     EXPR
096E 8DB8             (        basic.asm):00804                 BSR     TSTEOL
0970 BD07B9           (        basic.asm):00805                 JSR     FLINE
0973 250F             (        basic.asm):00806                 BCS     GOSB04
0975 7E05FE           (        basic.asm):00807                 JMP     NXTLIN
                      (        basic.asm):00808         ******************************
                      (        basic.asm):00809         ******************************
0978 BD083A           (        basic.asm):00810         GOSUB   JSR     EXPR
097B 8DAB             (        basic.asm):00811                 BSR     TSTEOL
097D 9F88             (        basic.asm):00812                 STX     CURSOR
097F BD07B9           (        basic.asm):00813                 JSR     FLINE
0982 2403             (        basic.asm):00814                 BCC     GOSB03
0984 7E0555           (        basic.asm):00815         GOSB04  JMP     ERRORR
0987 BD0757           (        basic.asm):00816         GOSB03  JSR     TSTSTK
098A 2403             (        basic.asm):00817                 BCC     GOSB05
098C 7E0544           (        basic.asm):00818                 JMP     ERRORF
098F DC88             (        basic.asm):00819         GOSB05  LDD     CURSOR
0991 3406             (        basic.asm):00820                 PSHS    D
0993 DC8C             (        basic.asm):00821                 LDD     LINENB
0995 3406             (        basic.asm):00822                 PSHS    D
0997 BD05FE           (        basic.asm):00823                 JSR     NXTLIN
099A 3506             (        basic.asm):00824                 PULS    D
099C DD8C             (        basic.asm):00825                 STD     LINENB
099E 3510             (        basic.asm):00826                 PULS    X
09A0 7E05F1           (        basic.asm):00827                 JMP     ENDS02
                      (        basic.asm):00828         ******************************
                      (        basic.asm):00829         ******************************
     0928             (        basic.asm):00830         RETURN  EQU     TSTEOL
                      (        basic.asm):00831         ******************************
                      (        basic.asm):00832         ******************************
09A3 BD0650           (        basic.asm):00833         PRINT   JSR     SKIPSP
09A6 812C             (        basic.asm):00834         PR01    CMPA    #',
09A8 2736             (        basic.asm):00835                 BEQ     PR05
09AA 813B             (        basic.asm):00836                 CMPA    #';
09AC 273D             (        basic.asm):00837                 BEQ     PR07
09AE 8104             (        basic.asm):00838                 CMPA    #EOL
09B0 2725             (        basic.asm):00839                 BEQ     PR04
09B2 8122             (        basic.asm):00840                 CMPA    #'"
09B4 2606             (        basic.asm):00841                 BNE     PR02
09B6 3001             (        basic.asm):00842                 LEAX    1,X
09B8 8D42             (        basic.asm):00843                 BSR     PRNTQS
09BA 2009             (        basic.asm):00844                 BRA     PR03
09BC BD083A           (        basic.asm):00845         PR02    JSR     EXPR
09BF 3410             (        basic.asm):00846                 PSHS    X
09C1 8D47             (        basic.asm):00847                 BSR     PRNTN
09C3 3510             (        basic.asm):00848                 PULS    X
09C5 BD0650           (        basic.asm):00849         PR03    JSR     SKIPSP
09C8 812C             (        basic.asm):00850                 CMPA    #',
09CA 2714             (        basic.asm):00851                 BEQ     PR05
09CC 813B             (        basic.asm):00852                 CMPA    #';
09CE 271B             (        basic.asm):00853                 BEQ     PR07
09D0 8104             (        basic.asm):00854                 CMPA    #EOL
09D2 2703             (        basic.asm):00855                 BEQ     PR04
09D4 7E054C           (        basic.asm):00856                 JMP     ERRORS
09D7 3410             (        basic.asm):00857         PR04    PSHS    X
09D9 BD0535           (        basic.asm):00858                 JSR     CRLF
09DC 3510             (        basic.asm):00859                 PULS    X
09DE 2014             (        basic.asm):00860                 BRA     PR08
09E0 C607             (        basic.asm):00861         PR05    LDB     #$7
09E2 8620             (        basic.asm):00862         PR06    LDA     #SPACE
09E4 BD0B9D           (        basic.asm):00863                 JSR     PUTCHR
09E7 D592             (        basic.asm):00864                 BITB    ZONE
09E9 26F7             (        basic.asm):00865                 BNE     PR06
09EB 3001             (        basic.asm):00866         PR07    LEAX    1,X
09ED BD0650           (        basic.asm):00867                 JSR     SKIPSP
09F0 8104             (        basic.asm):00868                 CMPA    #EOL
09F2 26B2             (        basic.asm):00869                 BNE     PR01
09F4 3001             (        basic.asm):00870         PR08    LEAX    1,X
09F6 7E05F1           (        basic.asm):00871                 JMP     ENDS02
                      (        basic.asm):00872         *
                      (        basic.asm):00873         *
09F9 BD0B9D           (        basic.asm):00874         PRQ01   JSR     PUTCHR
09FC A680             (        basic.asm):00875         PRNTQS  LDA     ,X+
09FE 8104             (        basic.asm):00876                 CMPA    #EOL
0A00 2603             (        basic.asm):00877                 BNE     PRQ03
0A02 7E054C           (        basic.asm):00878                 JMP     ERRORS
0A05 8122             (        basic.asm):00879         PRQ03   CMPA    #'"
0A07 26F0             (        basic.asm):00880                 BNE     PRQ01
0A09 39               (        basic.asm):00881                 RTS
                      (        basic.asm):00882         *
0A0A 4D               (        basic.asm):00883         PRNTN   TSTA
0A0B 2A0D             (        basic.asm):00884                 BPL     PRN03
0A0D 40               (        basic.asm):00885                 NEGA
0A0E 50               (        basic.asm):00886                 NEGB
0A0F 8200             (        basic.asm):00887                 SBCA    #0
0A11 3402             (        basic.asm):00888                 PSHS    A
0A13 862D             (        basic.asm):00889                 LDA     #'-
0A15 BD0B9D           (        basic.asm):00890                 JSR     PUTCHR
0A18 3502             (        basic.asm):00891                 PULS    A
0A1A 8E0A49           (        basic.asm):00892         PRN03   LDX     #PRNPT-2
0A1D 3002             (        basic.asm):00893         PRN05   LEAX    2,X
0A1F 10A300           (        basic.asm):00894                 CMPD    0,X
0A22 2405             (        basic.asm):00895                 BCC     PRN07
0A24 8C0A53           (        basic.asm):00896                 CMPX    #PRNPTO
0A27 26F4             (        basic.asm):00897                 BNE     PRN05
0A29 0F90             (        basic.asm):00898         PRN07   CLR     CHAR
0A2B 10A300           (        basic.asm):00899         PRN09   CMPD    0,X
0A2E 2506             (        basic.asm):00900                 BCS     PRN11
0A30 A300             (        basic.asm):00901                 SUBD    0,X
0A32 0C90             (        basic.asm):00902                 INC     CHAR
0A34 20F5             (        basic.asm):00903                 BRA     PRN09
0A36 3402             (        basic.asm):00904         PRN11   PSHS    A
0A38 8630             (        basic.asm):00905                 LDA     #'0
0A3A 9B90             (        basic.asm):00906                 ADDA    CHAR
0A3C BD0B9D           (        basic.asm):00907                 JSR     PUTCHR
0A3F 3502             (        basic.asm):00908                 PULS    A
0A41 8C0A53           (        basic.asm):00909                 CMPX    #PRNPTO
0A44 2704             (        basic.asm):00910                 BEQ     PRN13
0A46 3002             (        basic.asm):00911                 LEAX    2,X
0A48 20DF             (        basic.asm):00912                 BRA     PRN07
0A4A 39               (        basic.asm):00913         PRN13   RTS
0A4B 2710             (        basic.asm):00914         PRNPT   FDB     10000
0A4D 03E8             (        basic.asm):00915                 FDB     1000
0A4F 0064             (        basic.asm):00916                 FDB     100
0A51 000A             (        basic.asm):00917                 FDB     10
0A53 0001             (        basic.asm):00918         PRNPTO  FDB     1
                      (        basic.asm):00919         *
0A55 8E0A4D           (        basic.asm):00920         PRNT4   LDX     #PRNPT+2
0A58 20CF             (        basic.asm):00921                 BRA     PRN07
                      (        basic.asm):00922         ******************************
                      (        basic.asm):00923         ******************************
0A5A BD0680           (        basic.asm):00924         INPUT   JSR     TSTVAR
0A5D 253C             (        basic.asm):00925                 BCS     IN11
0A5F 3406             (        basic.asm):00926                 PSHS    D
0A61 9F88             (        basic.asm):00927                 STX     CURSOR
0A63 863F             (        basic.asm):00928         IN03    LDA     #'?
0A65 BD0B9D           (        basic.asm):00929                 JSR     PUTCHR
0A68 BD0588           (        basic.asm):00930                 JSR     GETLIN
0A6B BD0650           (        basic.asm):00931         IN05    JSR     SKIPSP
0A6E 8104             (        basic.asm):00932                 CMPA    #EOL
0A70 27F1             (        basic.asm):00933                 BEQ     IN03
0A72 BD06CB           (        basic.asm):00934                 JSR     TSTSNB
0A75 240B             (        basic.asm):00935                 BCC     IN07
0A77 8E0AAF           (        basic.asm):00936                 LDX     #RMESS
0A7A BD052E           (        basic.asm):00937                 JSR     PUTSTR
0A7D BD0535           (        basic.asm):00938                 JSR     CRLF
0A80 20E1             (        basic.asm):00939                 BRA     IN03
0A82 9F8E             (        basic.asm):00940         IN07    STX     SCRTCH
0A84 3510             (        basic.asm):00941                 PULS    X
0A86 ED00             (        basic.asm):00942                 STD     0,X
0A88 9E88             (        basic.asm):00943                 LDX     CURSOR
0A8A BD0650           (        basic.asm):00944                 JSR     SKIPSP
0A8D 812C             (        basic.asm):00945                 CMPA    #',
0A8F 2703             (        basic.asm):00946                 BEQ     IN09
0A91 7E05EE           (        basic.asm):00947                 JMP     ENDSMT
0A94 3001             (        basic.asm):00948         IN09    LEAX    1,X
0A96 BD0680           (        basic.asm):00949                 JSR     TSTVAR
0A99 2403             (        basic.asm):00950                 BCC     IN13
0A9B 7E054C           (        basic.asm):00951         IN11    JMP     ERRORS
0A9E 3406             (        basic.asm):00952         IN13    PSHS    D
0AA0 3410             (        basic.asm):00953                 PSHS    X
0AA2 9E8E             (        basic.asm):00954                 LDX     SCRTCH
0AA4 BD0650           (        basic.asm):00955                 JSR     SKIPSP
0AA7 812C             (        basic.asm):00956                 CMPA    #',
0AA9 26C0             (        basic.asm):00957                 BNE     IN05
0AAB 3001             (        basic.asm):00958                 LEAX    1,X
0AAD 20BC             (        basic.asm):00959                 BRA     IN05
0AAF 52452D454E544552 (        basic.asm):00960         RMESS   FCC     /RE-ENTER/
0AB7 04               (        basic.asm):00961                 FCB     EOL
                      (        basic.asm):00962         ******************************
                      (        basic.asm):00963         ******************************
0AB8 9E86             (        basic.asm):00964         RUN     LDX     STKTOP
0ABA 8634             (        basic.asm):00965                 LDA     #52
0ABC 6F80             (        basic.asm):00966         RUN01   CLR     ,X+
0ABE 4A               (        basic.asm):00967                 DECA
0ABF 26FB             (        basic.asm):00968                 BNE     RUN01
0AC1 9E80             (        basic.asm):00969                 LDX     USRBAS
0AC3 7E05F7           (        basic.asm):00970                 JMP     REM05
                      (        basic.asm):00971         ******************************
                      (        basic.asm):00972         ******************************
0AC6 BD06DF           (        basic.asm):00973         LIST    JSR     TSTNBR
0AC9 2408             (        basic.asm):00974                 BCC     LIST03
0ACB 4F               (        basic.asm):00975                 CLRA
0ACC 5F               (        basic.asm):00976                 CLRB
0ACD DD88             (        basic.asm):00977                 STD     CURSOR
0ACF 867F             (        basic.asm):00978                 LDA     #$7F
0AD1 2017             (        basic.asm):00979                 BRA     LIST07
0AD3 DD88             (        basic.asm):00980         LIST03  STD     CURSOR
0AD5 BD0650           (        basic.asm):00981                 JSR     SKIPSP
0AD8 812C             (        basic.asm):00982                 CMPA    #',
0ADA 2704             (        basic.asm):00983                 BEQ     LIST05
0ADC 9688             (        basic.asm):00984                 LDA     CURSOR
0ADE 200A             (        basic.asm):00985                 BRA     LIST07
0AE0 3001             (        basic.asm):00986         LIST05  LEAX    1,X
0AE2 BD06DF           (        basic.asm):00987                 JSR     TSTNBR
0AE5 2403             (        basic.asm):00988                 BCC     LIST07
0AE7 7E054C           (        basic.asm):00989                 JMP     ERRORS
0AEA BD0928           (        basic.asm):00990         LIST07  JSR     TSTEOL
0AED 3406             (        basic.asm):00991                 PSHS    D
0AEF DC88             (        basic.asm):00992                 LDD     CURSOR
0AF1 9F88             (        basic.asm):00993                 STX     CURSOR
0AF3 BD07B9           (        basic.asm):00994                 JSR     FLINE
0AF6 9C82             (        basic.asm):00995         LIST09  CMPX    USRTOP
0AF8 2728             (        basic.asm):00996                 BEQ     LIST10
0AFA 3506             (        basic.asm):00997                 PULS    D
0AFC 10A300           (        basic.asm):00998                 CMPD    0,X
0AFF 2528             (        basic.asm):00999                 BCS     LIST11
0B01 3406             (        basic.asm):01000                 PSHS    D
0B03 EC81             (        basic.asm):01001                 LDD     ,X++
0B05 3410             (        basic.asm):01002                 PSHS    X
0B07 BD0A55           (        basic.asm):01003                 JSR     PRNT4
0B0A 3510             (        basic.asm):01004                 PULS    X
0B0C 8620             (        basic.asm):01005                 LDA     #SPACE
0B0E BD0B9D           (        basic.asm):01006                 JSR     PUTCHR
0B11 BD052E           (        basic.asm):01007                 JSR     PUTSTR
0B14 3001             (        basic.asm):01008                 LEAX    1,X
0B16 3410             (        basic.asm):01009                 PSHS    X
0B18 BD0535           (        basic.asm):01010                 JSR     CRLF
0B1B 3510             (        basic.asm):01011                 PULS    X
0B1D BD0B94           (        basic.asm):01012                 JSR     TSTBRK
0B20 20D4             (        basic.asm):01013                 BRA     LIST09
0B22 3262             (        basic.asm):01014         LIST10  LEAS    2,S
0B24 8603             (        basic.asm):01015                 LDA     #ETX
0B26 BD0B9D           (        basic.asm):01016                 JSR     PUTCHR
0B29 9E88             (        basic.asm):01017         LIST11  LDX     CURSOR
0B2B 7E05F1           (        basic.asm):01018                 JMP     ENDS02
                      (        basic.asm):01019         ******************************
                      (        basic.asm):01020         ******************************
0B2E 4C4554           (        basic.asm):01021         VERBT   FCC     /LET/
0B31 04               (        basic.asm):01022                 FCB     EOL
0B32 0939             (        basic.asm):01023                 FDB     LET
0B34 4946             (        basic.asm):01024                 FCC     /IF/
0B36 04               (        basic.asm):01025                 FCB     EOL
0B37 095F             (        basic.asm):01026                 FDB     IF
0B39 474F544F         (        basic.asm):01027                 FCC     /GOTO/
0B3D 04               (        basic.asm):01028                 FCB     EOL
0B3E 096B             (        basic.asm):01029                 FDB     GOTO
0B40 474F535542       (        basic.asm):01030                 FCC     /GOSUB/
0B45 04               (        basic.asm):01031                 FCB     EOL
0B46 0978             (        basic.asm):01032                 FDB     GOSUB
0B48 52455455524E     (        basic.asm):01033                 FCC     /RETURN/
0B4E 04               (        basic.asm):01034                 FCB     EOL
0B4F 0928             (        basic.asm):01035                 FDB     RETURN
0B51 504F4B45         (        basic.asm):01036                 FCC     /POKE/
0B55 04               (        basic.asm):01037                 FCB     EOL
0B56 0772             (        basic.asm):01038                 FDB     POKE
0B58 5052494E54       (        basic.asm):01039                 FCC     /PRINT/
0B5D 04               (        basic.asm):01040                 FCB     EOL
0B5E 09A3             (        basic.asm):01041                 FDB     PRINT
0B60 494E505554       (        basic.asm):01042                 FCC     /INPUT/
0B65 04               (        basic.asm):01043                 FCB     EOL
0B66 0A5A             (        basic.asm):01044                 FDB     INPUT
0B68 52454D           (        basic.asm):01045                 FCC     /REM/
0B6B 04               (        basic.asm):01046                 FCB     EOL
0B6C 05E8             (        basic.asm):01047                 FDB     REM
0B6E 53544F50         (        basic.asm):01048                 FCC     /STOP/
0B72 04               (        basic.asm):01049                 FCB     EOL
0B73 0565             (        basic.asm):01050                 FDB     END
0B75 454E44           (        basic.asm):01051                 FCC     /END/
0B78 04               (        basic.asm):01052                 FCB     EOL
0B79 0565             (        basic.asm):01053                 FDB     END
0B7B 52554E           (        basic.asm):01054                 FCC     /RUN/
0B7E 04               (        basic.asm):01055                 FCB     EOL
0B7F 0AB8             (        basic.asm):01056                 FDB     RUN
0B81 4C495354         (        basic.asm):01057                 FCC     /LIST/
0B85 04               (        basic.asm):01058                 FCB     EOL
0B86 0AC6             (        basic.asm):01059                 FDB     LIST
0B88 4E4557           (        basic.asm):01060                 FCC     /NEW/
0B8B 04               (        basic.asm):01061                 FCB     EOL
0B8C 0415             (        basic.asm):01062                 FDB     CLEAR
0B8E 3F               (        basic.asm):01063                 FCC     /?/
0B8F 04               (        basic.asm):01064                 FCB     EOL
0B90 09A3             (        basic.asm):01065                 FDB     PRINT
0B92 04               (        basic.asm):01066                 FCB     EOL
                      (        basic.asm):01067             
                      (        basic.asm):01068         ******************************
                      (        basic.asm):01069         * I/O Functions
                      (        basic.asm):01070         ******************************
                      (        basic.asm):01071         
                      (        basic.asm):01072         * Externally accessed functions
                      (        basic.asm):01073         * are:
                      (        basic.asm):01074         *   TSTBRK
                      (        basic.asm):01075         *   GETCHR  - Wait for input, return in A
                      (        basic.asm):01076         *   PUTCHR  - Output char in A
                      (        basic.asm):01077         *   INTEEE  - Initialize ACIA
                      (        basic.asm):01078         
0B93 39               (        basic.asm):01079         INTEEE RTS  ; Do nothing for now
                      (        basic.asm):01080         
0B94 8D00             (        basic.asm):01081         TSTBRK  BSR GETCHR   ; Maybe does the same?
                      (        basic.asm):01082         
0B96 BDFC06           (        basic.asm):01083         GETCHR  JSR getc     ; Need to loop until get char
0B99 4D               (        basic.asm):01084                 TSTA
0B9A 27FA             (        basic.asm):01085                 BEQ GETCHR
0B9C 39               (        basic.asm):01086                 RTS
                      (        basic.asm):01087                 
0B9D 0C92             (        basic.asm):01088         PUTCHR  INC     ZONE
0B9F BDFC00           (        basic.asm):01089                 JSR putc
0BA2 39               (        basic.asm):01090                 RTS
                      (        basic.asm):01091         
                      (        basic.asm):01092         ; TSTBRK        bsr     BRKEEE
                      (        basic.asm):01093         ;       beq     GETC05
                      (        basic.asm):01094         ; GETCHR        bsr     INEEE
                      (        basic.asm):01095         ;       CMPA    #ETX
                      (        basic.asm):01096         ;       BNE     GETC05
                      (        basic.asm):01097         ;       JMP     BREAK
                      (        basic.asm):01098         ; GETC05        RTS
                      (        basic.asm):01099         ; PUTCHR        INC     ZONE
                      (        basic.asm):01100         ;       JMP     OUTEEE
                      (        basic.asm):01101         ;
                      (        basic.asm):01102         ; ******************************
                      (        basic.asm):01103         ; ******************************
                      (        basic.asm):01104         ; INEEE BSR     BRKEEE
                      (        basic.asm):01105         ;       BEQ     INEEE
                      (        basic.asm):01106         ;       LDA     RECEV
                      (        basic.asm):01107         ;       ANDA    #$7F
                      (        basic.asm):01108         ;       RTS
                      (        basic.asm):01109         ; OUTEEE        PSHS    A
                      (        basic.asm):01110         ; OUT01 LDA     TRCS
                      (        basic.asm):01111         ;       BITA    #TDRE
                      (        basic.asm):01112         ;       BEQ     OUT01
                      (        basic.asm):01113         ;       PULS    A
                      (        basic.asm):01114         ;       STA     TRANS
                      (        basic.asm):01115         ;       RTS
                      (        basic.asm):01116         ;
                      (        basic.asm):01117         ; BRKEEE        PSHS    A
                      (        basic.asm):01118         ; BRK03 LDA     TRCS
                      (        basic.asm):01119         ;       BITA    #ORFE       ; Overrun?
                      (        basic.asm):01120         ;       BEQ     BRK05
                      (        basic.asm):01121         ;       LDA     RECEV
                      (        basic.asm):01122         ;       BRA     BRK03
                      (        basic.asm):01123         ; BRK05 BITA    #RDRF   ; Read data full?
                      (        basic.asm):01124         ;       PULS    A
                      (        basic.asm):01125         ;       RTS
                      (        basic.asm):01126         ; *
                      (        basic.asm):01127         ;       LDA     #CNTL1
                      (        basic.asm):01128         ;       STA     RMCR
                      (        basic.asm):01129         ;       LDA     #CNTL2
                      (        basic.asm):01130         ;       STA     TRCS
                      (        basic.asm):01131         ; INTEEE  EQU     *
                      (        basic.asm):01132         ;       RTS
                      (        basic.asm):01133         
                      (        basic.asm):01134         
                      (        basic.asm):01135         
                      (        basic.asm):01136         ******************************
                      (        basic.asm):01137         ******************************
                      (        basic.asm):01138                 END ROMADR
