                      (       test09.asm):00001                 ; 6809 Test program.
                      (       test09.asm):00002         
                      (       test09.asm):00003                 include BOSS9.inc
                      (        BOSS9.inc):00001         *-------------------------------------------------------------------------
                      (        BOSS9.inc):00002         *    This source file is a part of the MC6809 Simulator
                      (        BOSS9.inc):00003         *    For the latest info, see http:www.marrin.org/
                      (        BOSS9.inc):00004         *    Copyright (c) 2018-2024, Chris Marrin
                      (        BOSS9.inc):00005         *    All rights reserved.
                      (        BOSS9.inc):00006         *    Use of this source code is governed by the MIT license that can be
                      (        BOSS9.inc):00007         *    found in the LICENSE file.
                      (        BOSS9.inc):00008         *-------------------------------------------------------------------------
                      (        BOSS9.inc):00009         *
                      (        BOSS9.inc):00010         *  BOSS9.inc
                      (        BOSS9.inc):00011         *  Assembly language function and address includes for BOSS9
                      (        BOSS9.inc):00012         *
                      (        BOSS9.inc):00013         *  Created by Chris Marrin on 5/4/24.
                      (        BOSS9.inc):00014         *
                      (        BOSS9.inc):00015         
                      (        BOSS9.inc):00016         *
                      (        BOSS9.inc):00017         * Console functions
                      (        BOSS9.inc):00018         *
     FC00             (        BOSS9.inc):00019         putc    equ     $FC00   ; output char in A to console
     FC02             (        BOSS9.inc):00020         puts    equ     $FC02   ; output string pointed to by X (null terminated)
     FC04             (        BOSS9.inc):00021         putsn   equ     $FC04   ; Output string pointed to by X for length in Y
     FC06             (        BOSS9.inc):00022         getc    equ     $FC06   ; Get char from console, return it in A
     FC08             (        BOSS9.inc):00023         peekc   equ     $FC08   ; Return in A a 1 if a char is available and 0 otherwise
     FC0A             (        BOSS9.inc):00024         gets    equ     $FC0A   ; Get a line terminated by \n, place in buffer
                      (        BOSS9.inc):00025                                 ; pointed to by X, with max length in Y
     FC0C             (        BOSS9.inc):00026         peeks   equ     $FC0C   ; Return in A a 1 if a line is available and 0 otherwise.
                      (        BOSS9.inc):00027                                 ; If available return length of line in Y
                      (        BOSS9.inc):00028                                 
                      (        BOSS9.inc):00029         * Misc equates
                      (        BOSS9.inc):00030         
     000A             (        BOSS9.inc):00031         newline equ     $0a
                      (        BOSS9.inc):00032                                 
                      (        BOSS9.inc):00033         
                      (       test09.asm):00004         
     0080             (       test09.asm):00005         testnr  equ 128
                      (       test09.asm):00006         
                      (       test09.asm):00007                 org $400
0400 7E0457           (       test09.asm):00008                 jmp entry
                      (       test09.asm):00009         
                      (       test09.asm):00010         ; Output an error message: 'ERROR xx' where xx is test number in hex
                      (       test09.asm):00011         ;
0403 8E0414           (       test09.asm):00012         error   ldx #errmsg
0406 BDFC02           (       test09.asm):00013                 jsr puts
0409 9680             (       test09.asm):00014                 lda testnr
040B 8D1D             (       test09.asm):00015                 bsr outhex
040D 860A             (       test09.asm):00016                 lda #newline
040F BDFC00           (       test09.asm):00017                 jsr putc
0412 20FE             (       test09.asm):00018         eloop   bra eloop
                      (       test09.asm):00019         
0414 4552524F52202000 (       test09.asm):00020         errmsg  fcn "ERROR  "
                      (       test09.asm):00021         
                      (       test09.asm):00022         ; Output value in the lower 4 bits of a as a hex digit
                      (       test09.asm):00023         ;
041C 8B30             (       test09.asm):00024         outdig  adda #48
041E 8139             (       test09.asm):00025                 cmpa #57
0420 2304             (       test09.asm):00026                 bls  od2
0422 8B07             (       test09.asm):00027                 adda #7
0424 1F98             (       test09.asm):00028                 tfr b,a
0426 BDFC00           (       test09.asm):00029         od2     jsr putc
0429 39               (       test09.asm):00030                 rts
                      (       test09.asm):00031         
                      (       test09.asm):00032         ; Output a as 2 hex digits
                      (       test09.asm):00033         ;
042A 3402             (       test09.asm):00034         outhex  pshs a
042C 44               (       test09.asm):00035                 lsra
042D 44               (       test09.asm):00036                 lsra
042E 44               (       test09.asm):00037                 lsra
042F 44               (       test09.asm):00038                 lsra
0430 8DEA             (       test09.asm):00039                 bsr outdig
0432 3502             (       test09.asm):00040                 puls a
0434 840F             (       test09.asm):00041                 anda #$0f
0436 20E4             (       test09.asm):00042                 bra outdig
                      (       test09.asm):00043         
                      (       test09.asm):00044         ; Output an passed message: 'PASSED xx' where xx is test number in hex
                      (       test09.asm):00045         ;
0438 3413             (       test09.asm):00046         good    pshs a,x,cc
043A 8E044F           (       test09.asm):00047                 ldx #passmsg
043D BDFC02           (       test09.asm):00048                 jsr puts
0440 9680             (       test09.asm):00049                 lda testnr
0442 BD042A           (       test09.asm):00050                 jsr outhex
0445 860A             (       test09.asm):00051                 lda #newline
0447 BDFC00           (       test09.asm):00052                 jsr putc
044A 0C80             (       test09.asm):00053                 inc testnr
044C 3513             (       test09.asm):00054                 puls a,x,cc
044E 39               (       test09.asm):00055                 rts
                      (       test09.asm):00056         
044F 5041535345442000 (       test09.asm):00057         passmsg  fcn "PASSED "
                      (       test09.asm):00058         
0457 0F80             (       test09.asm):00059         entry   clr testnr
0459 BD0438           (       test09.asm):00060                 jsr good          ;test #0, does it print msg?
                      (       test09.asm):00061                 
045C 1C00             (       test09.asm):00062                 andcc #0          ;test #1, conditional (long) branches, expect no branch
045E 1029FFA1         (       test09.asm):00063                 lbvs error        ;         andcc, orcc
0462 1025FF9D         (       test09.asm):00064                 lbcs error
0466 1027FF99         (       test09.asm):00065                 lbeq error
046A 102BFF95         (       test09.asm):00066                 lbmi error
046E 1023FF91         (       test09.asm):00067                 lbls error
0472 102DFF8D         (       test09.asm):00068                 lblt error
0476 102FFF89         (       test09.asm):00069                 lble error
047A 1021FF85         (       test09.asm):00070                 lbrn error
047E BD0438           (       test09.asm):00071                 jsr good
                      (       test09.asm):00072         
0481 2912             (       test09.asm):00073                 bvs errt1           ;test #2, conditional (long) branches, expect no branch, with jump
0483 2510             (       test09.asm):00074                 bcs errt1
0485 270E             (       test09.asm):00075                 beq errt1
0487 2B0C             (       test09.asm):00076                 bmi errt1
0489 230A             (       test09.asm):00077                 bls errt1
048B 2D08             (       test09.asm):00078                 blt errt1
048D 2F06             (       test09.asm):00079                 ble errt1
048F 2104             (       test09.asm):00080                 brn errt1
0491 10280003         (       test09.asm):00081                 lbvc goot1
0495 7E0403           (       test09.asm):00082         errt1   jmp error
                      (       test09.asm):00083         
0498 BD0438           (       test09.asm):00084         goot1   jsr good
                      (       test09.asm):00085         
049B 10240003         (       test09.asm):00086                 lbcc goot2          ;test #3, conditional (long) branches, expect branch
049F 7E0403           (       test09.asm):00087                 jmp error
04A2 10260003         (       test09.asm):00088         goot2   lbne goot3
04A6 7E0403           (       test09.asm):00089                 jmp error
04A9 102A0003         (       test09.asm):00090         goot3   lbpl goot4
04AD 7E0403           (       test09.asm):00091                 jmp error
04B0 10220003         (       test09.asm):00092         goot4   lbhi goot5
04B4 7E0403           (       test09.asm):00093                 jmp error
04B7 102C0003         (       test09.asm):00094         goot5   lbge goot6
04BB 7E0403           (       test09.asm):00095                 jmp error
04BE 102E0003         (       test09.asm):00096         goot6   lbgt goot7
04C2 7E0403           (       test09.asm):00097                 jmp error
04C5 160003           (       test09.asm):00098         goot7   lbra goot8
04C8 7E0403           (       test09.asm):00099                 jmp error
04CB 2803             (       test09.asm):00100         goot8   bvc goot9
04CD 7E0403           (       test09.asm):00101                 jmp error
04D0 2403             (       test09.asm):00102         goot9   bcc goot10
04D2 7E0403           (       test09.asm):00103                 jmp error
04D5 2603             (       test09.asm):00104         goot10  bne goot11
04D7 7E0403           (       test09.asm):00105                 jmp error
04DA 2A03             (       test09.asm):00106         goot11  bpl goot12
04DC 7E0403           (       test09.asm):00107                 jmp error
04DF 2203             (       test09.asm):00108         goot12  bhi goot13
04E1 7E0403           (       test09.asm):00109                 jmp error
04E4 2C03             (       test09.asm):00110         goot13  bge goot14
04E6 7E0403           (       test09.asm):00111                 jmp error
04E9 2E03             (       test09.asm):00112         goot14  bgt goot15
04EB 7E0403           (       test09.asm):00113                 jmp error
04EE 2003             (       test09.asm):00114         goot15  bra goot16
04F0 7E0403           (       test09.asm):00115                 jmp error
                      (       test09.asm):00116                 
04F3 BD0438           (       test09.asm):00117         goot16  jsr good
                      (       test09.asm):00118         
04F6 1FA8             (       test09.asm):00119                 tfr cc,a            ;test #4, test cc codes. expect no branch
04F8 4D               (       test09.asm):00120                 tsta
04F9 1026FF06         (       test09.asm):00121                 lbne error
04FD 1C00             (       test09.asm):00122                 andcc #0
04FF 1A01             (       test09.asm):00123                 orcc #1
0501 1024FEFE         (       test09.asm):00124                 lbcc error
0505 1027FEFA         (       test09.asm):00125                 lbeq error
0509 1029FEF6         (       test09.asm):00126                 lbvs error
050D 102BFEF2         (       test09.asm):00127                 lbmi error
0511 1A02             (       test09.asm):00128                 orcc #2
0513 1028FEEC         (       test09.asm):00129                 lbvc error
0517 1027FEE8         (       test09.asm):00130                 lbeq error
051B 102BFEE4         (       test09.asm):00131                 lbmi error
051F 1A04             (       test09.asm):00132                 orcc #4
0521 1026FEDE         (       test09.asm):00133                 lbne error
0525 102BFEDA         (       test09.asm):00134                 lbmi error
0529 1A08             (       test09.asm):00135                 orcc #8
052B 102AFED4         (       test09.asm):00136                 lbpl error
052F 1FA8             (       test09.asm):00137                 tfr cc,a
0531 810F             (       test09.asm):00138                 cmpa #15
0533 1026FECC         (       test09.asm):00139                 lbne error
0537 1A0F             (       test09.asm):00140                 orcc #15
0539 1AF0             (       test09.asm):00141                 orcc #240
053B 1FA8             (       test09.asm):00142                 tfr cc,a
053D 4C               (       test09.asm):00143                 inca
053E 1026FEC1         (       test09.asm):00144                 lbne error
0542 1AFF             (       test09.asm):00145                 orcc #255
0544 1CAA             (       test09.asm):00146                 andcc #$aa
0546 1FA8             (       test09.asm):00147                 tfr cc,a
0548 81AA             (       test09.asm):00148                 cmpa #$aa
054A 1026FEB5         (       test09.asm):00149                 lbne error
054E BD0438           (       test09.asm):00150                 jsr good
                      (       test09.asm):00151         
0551 10CE8000         (       test09.asm):00152                 lds #$8000       ; test #5: registers and their values, tfr, exg
0555 8628             (       test09.asm):00153                 lda #$28
0557 C67F             (       test09.asm):00154                 ldb #$7f
0559 CE0D59           (       test09.asm):00155                 ldu #3417
055C 8E08AD           (       test09.asm):00156                 ldx #2221
055F 108E40AB         (       test09.asm):00157                 ldy #16555
0563 8128             (       test09.asm):00158                 cmpa #$28
0565 1026FE9A         (       test09.asm):00159                 lbne error
0569 C17F             (       test09.asm):00160                 cmpb #$7f
056B 1026FE94         (       test09.asm):00161                 lbne error
056F 1083287F         (       test09.asm):00162                 cmpd #$287f
0573 1026FE8C         (       test09.asm):00163                 lbne error
0577 BD0438           (       test09.asm):00164                 jsr good
057A 8C08AD           (       test09.asm):00165                 cmpx #2221
057D 1026FE82         (       test09.asm):00166                 lbne error
0581 BD0438           (       test09.asm):00167                 jsr good
0584 108C000D         (       test09.asm):00168                 cmpy #13
0588 1027FE77         (       test09.asm):00169                 lbeq error
058C BD0438           (       test09.asm):00170                 jsr good
058F 108C40AB         (       test09.asm):00171                 cmpy #16555
0593 1026FE6C         (       test09.asm):00172                 lbne error
0597 BD0438           (       test09.asm):00173                 jsr good
059A 11830D59         (       test09.asm):00174                 cmpu #3417
059E 1026FE61         (       test09.asm):00175                 lbne error
05A2 BD0438           (       test09.asm):00176                 jsr good
05A5 118C8000         (       test09.asm):00177                 cmps #$8000
05A9 1026FE56         (       test09.asm):00178                 lbne error
05AD BD0438           (       test09.asm):00179                 jsr good
05B0 1E12             (       test09.asm):00180                 exg x,y
05B2 8C40AB           (       test09.asm):00181                 cmpx #16555
05B5 1026FE4A         (       test09.asm):00182                 lbne error
05B9 BD0438           (       test09.asm):00183                 jsr good
05BC 108C08AD         (       test09.asm):00184                 cmpy #2221
05C0 1026FE3F         (       test09.asm):00185                 lbne error
05C4 BD0438           (       test09.asm):00186                 jsr good
05C7 1E10             (       test09.asm):00187                 exg x,d
05C9 108340AB         (       test09.asm):00188                 cmpd #16555
05CD 1026FE32         (       test09.asm):00189                 lbne error
05D1 8C287F           (       test09.asm):00190                 cmpx #$287f
05D4 1026FE2B         (       test09.asm):00191                 lbne error
05D8 108C08AD         (       test09.asm):00192                 cmpy #2221
05DC 1026FE23         (       test09.asm):00193                 lbne error
05E0 1E10             (       test09.asm):00194                 exg x,d
05E2 1E8B             (       test09.asm):00195                 exg a,dp
05E4 4D               (       test09.asm):00196                 tsta
05E5 1026FE1A         (       test09.asm):00197                 lbne error
05E9 1E8B             (       test09.asm):00198                 exg a,dp
05EB 1E89             (       test09.asm):00199                 exg a,b
05ED 817F             (       test09.asm):00200                 cmpa #$7f
05EF 1026FE10         (       test09.asm):00201                 lbne error
05F3 C128             (       test09.asm):00202                 cmpb #$28
05F5 1026FE0A         (       test09.asm):00203                 lbne error
05F9 1F98             (       test09.asm):00204                 tfr b,a
05FB C128             (       test09.asm):00205                 cmpb #$28
05FD 1026FE02         (       test09.asm):00206                 lbne error
0601 8128             (       test09.asm):00207                 cmpa #$28
0603 1026FDFC         (       test09.asm):00208                 lbne error
0607 1F31             (       test09.asm):00209                 tfr u,x
0609 11830D59         (       test09.asm):00210                 cmpu #3417
060D 1026FDF2         (       test09.asm):00211                 lbne error
0611 8C0D59           (       test09.asm):00212                 cmpx #3417
0614 1026FDEB         (       test09.asm):00213                 lbne error
0618 1F51             (       test09.asm):00214                 tfr pc,x
061A 8C061A           (       test09.asm):00215         here    cmpx #here
061D 1026FDE2         (       test09.asm):00216                 lbne error
0621 1F34             (       test09.asm):00217                 tfr u,s
0623 118C0D59         (       test09.asm):00218                 cmps #3417
0627 1026FDD8         (       test09.asm):00219                 lbne error
062B 10CE8000         (       test09.asm):00220                 lds #$8000
062F 4F               (       test09.asm):00221                 clra
0630 1F9A             (       test09.asm):00222                 tfr b,cc
0632 1FA8             (       test09.asm):00223                 tfr cc,a
0634 8128             (       test09.asm):00224                 cmpa #$28
0636 1026FDC9         (       test09.asm):00225                 lbne error
063A BD0438           (       test09.asm):00226                 jsr good
                      (       test09.asm):00227         
063D 8680             (       test09.asm):00228                 lda #128       ;Test 6: Arithmetic and their status.
063F 8BFF             (       test09.asm):00229                 adda #255
0641 1024FDBE         (       test09.asm):00230                 lbcc error
0645 1028FDBA         (       test09.asm):00231                 lbvc error
0649 102BFDB6         (       test09.asm):00232                 lbmi error
064D 817F             (       test09.asm):00233                 cmpa #127
064F 1026FDB0         (       test09.asm):00234                 lbne error
0653 8600             (       test09.asm):00235                 lda #0
0655 8BFF             (       test09.asm):00236                 adda #255
0657 1025FDA8         (       test09.asm):00237                 lbcs error
065B 1029FDA4         (       test09.asm):00238                 lbvs error
065F 102AFDA0         (       test09.asm):00239                 lbpl error
0663 81FF             (       test09.asm):00240                 cmpa #255
0665 1026FD9A         (       test09.asm):00241                 lbne error
0669 1A01             (       test09.asm):00242                 orcc #1
066B 86FF             (       test09.asm):00243                 lda #255
066D 8900             (       test09.asm):00244                 adca #0
066F 1026FD90         (       test09.asm):00245                 lbne error
0673 102BFD8C         (       test09.asm):00246                 lbmi error
0677 1024FD88         (       test09.asm):00247                 lbcc error
067B 86D8             (       test09.asm):00248                 lda #216
067D 8B28             (       test09.asm):00249                 adda #40
067F 1026FD80         (       test09.asm):00250                 lbne error
0683 8650             (       test09.asm):00251                 lda #80
0685 8B28             (       test09.asm):00252                 adda #40
0687 1025FD78         (       test09.asm):00253                 lbcs error
068B 1029FD74         (       test09.asm):00254                 lbvs error
068F 8178             (       test09.asm):00255                 cmpa #120
0691 1026FD6E         (       test09.asm):00256                 lbne error
0695 1A01             (       test09.asm):00257                 orcc #1
0697 8650             (       test09.asm):00258                 lda #80
0699 8928             (       test09.asm):00259                 adca #40
069B 1025FD64         (       test09.asm):00260                 lbcs error
069F 1029FD60         (       test09.asm):00261                 lbvs error
06A3 8179             (       test09.asm):00262                 cmpa #121
06A5 1026FD5A         (       test09.asm):00263                 lbne error
06A9 1CFE             (       test09.asm):00264                 andcc #254
06AB C650             (       test09.asm):00265                 ldb #80
06AD C928             (       test09.asm):00266                 adcb #40
06AF 1025FD50         (       test09.asm):00267                 lbcs error
06B3 1029FD4C         (       test09.asm):00268                 lbvs error
06B7 C178             (       test09.asm):00269                 cmpb #120
06B9 1026FD46         (       test09.asm):00270                 lbne error
06BD C650             (       test09.asm):00271                 ldb #80
06BF C078             (       test09.asm):00272                 subb #120
06C1 1024FD3E         (       test09.asm):00273                 lbcc error
06C5 1029FD3A         (       test09.asm):00274                 lbvs error
06C9 C1D8             (       test09.asm):00275                 cmpb #216
06CB 1026FD34         (       test09.asm):00276                 lbne error
06CF 1CFE             (       test09.asm):00277                 andcc #254
06D1 868C             (       test09.asm):00278                 lda #140
06D3 8214             (       test09.asm):00279                 sbca #20
06D5 1028FD2A         (       test09.asm):00280                 lbvc error
06D9 1025FD26         (       test09.asm):00281                 lbcs error
06DD 8178             (       test09.asm):00282                 cmpa #120
06DF 1026FD20         (       test09.asm):00283                 lbne error
06E3 1A01             (       test09.asm):00284                 orcc #1
06E5 868C             (       test09.asm):00285                 lda #140
06E7 8214             (       test09.asm):00286                 sbca #20
06E9 1028FD16         (       test09.asm):00287                 lbvc error
06ED 1025FD12         (       test09.asm):00288                 lbcs error
06F1 8177             (       test09.asm):00289                 cmpa #119
06F3 1026FD0C         (       test09.asm):00290                 lbne error
06F7 CC9C40           (       test09.asm):00291                 ldd #40000
06FA 834E20           (       test09.asm):00292                 subd #20000
06FD 1028FD02         (       test09.asm):00293                 lbvc error
0701 1025FCFE         (       test09.asm):00294                 lbcs error
0705 10834E20         (       test09.asm):00295                 cmpd #20000
0709 1026FCF6         (       test09.asm):00296                 lbne error
070D CC4E20           (       test09.asm):00297                 ldd #20000
0710 839C40           (       test09.asm):00298                 subd #40000
0713 1028FCEC         (       test09.asm):00299                 lbvc error
0717 1024FCE8         (       test09.asm):00300                 lbcc error
071B 1083B1E0         (       test09.asm):00301                 cmpd #-20000
071F 1026FCE0         (       test09.asm):00302                 lbne error
0723 CC7530           (       test09.asm):00303                 ldd #30000
0726 C3B1E0           (       test09.asm):00304                 addd #-20000
0729 1024FCD6         (       test09.asm):00305                 lbcc error
072D 1029FCD2         (       test09.asm):00306                 lbvs error
0731 10832710         (       test09.asm):00307                 cmpd #10000
0735 1026FCCA         (       test09.asm):00308                 lbne error
0739 BD0438           (       test09.asm):00309                 jsr good
                      (       test09.asm):00310         
073C 8623             (       test09.asm):00311                 lda #$23      ;Test #7: decimal arithmetic.
073E 8B34             (       test09.asm):00312                 adda #$34
0740 19               (       test09.asm):00313                 daa
0741 1025FCBE         (       test09.asm):00314                 lbcs error
0745 8157             (       test09.asm):00315                 cmpa #$57
0747 1026FCB8         (       test09.asm):00316                 lbne error
074B 1A01             (       test09.asm):00317                 orcc #1
074D 8619             (       test09.asm):00318                 lda #$19
074F 8929             (       test09.asm):00319                 adca #$29
0751 19               (       test09.asm):00320                 daa
0752 1025FCAD         (       test09.asm):00321                 lbcs error
0756 8149             (       test09.asm):00322                 cmpa #$49
0758 1026FCA7         (       test09.asm):00323                 lbne error
075C 8692             (       test09.asm):00324                 lda #$92
075E 8B08             (       test09.asm):00325                 adda #$8
0760 19               (       test09.asm):00326                 daa
0761 1024FC9E         (       test09.asm):00327                 lbcc error
0765 8100             (       test09.asm):00328                 cmpa #$00
0767 BD0438           (       test09.asm):00329                 jsr good
                      (       test09.asm):00330         
076A 8680             (       test09.asm):00331                 lda #128       ;Test#8:  MUL and SEX
076C C602             (       test09.asm):00332                 ldb #2
076E 3D               (       test09.asm):00333                 mul
076F 1027FC90         (       test09.asm):00334                 lbeq error
0773 1025FC8C         (       test09.asm):00335                 lbcs error
0777 10830100         (       test09.asm):00336                 cmpd #256
077B 1026FC84         (       test09.asm):00337                 lbne error
077F 8600             (       test09.asm):00338                 lda #0
0781 C617             (       test09.asm):00339                 ldb #23
0783 3D               (       test09.asm):00340                 mul
0784 1026FC7B         (       test09.asm):00341                 lbne error
0788 1025FC77         (       test09.asm):00342                 lbcs error
078C 10830000         (       test09.asm):00343                 cmpd #0
0790 1026FC6F         (       test09.asm):00344                 lbne error
0794 860A             (       test09.asm):00345                 lda #10
0796 C614             (       test09.asm):00346                 ldb #20
0798 3D               (       test09.asm):00347                 mul
0799 1024FC66         (       test09.asm):00348                 lbcc error
079D 108300C8         (       test09.asm):00349                 cmpd #200
07A1 1026FC5E         (       test09.asm):00350                 lbne error
07A5 8664             (       test09.asm):00351                 lda #100
07A7 C631             (       test09.asm):00352                 ldb #49
07A9 3D               (       test09.asm):00353                 mul
07AA 10831324         (       test09.asm):00354                 cmpd #4900
07AE 1026FC51         (       test09.asm):00355                 lbne error
07B2 5F               (       test09.asm):00356                 clrb
07B3 1D               (       test09.asm):00357                 sex
07B4 10830000         (       test09.asm):00358                 cmpd #0
07B8 1026FC47         (       test09.asm):00359                 lbne error
07BC C680             (       test09.asm):00360                 ldb #128
07BE 1D               (       test09.asm):00361                 sex
07BF 1083FF80         (       test09.asm):00362                 cmpd #-128
07C3 1026FC3C         (       test09.asm):00363                 lbne error
07C7 C632             (       test09.asm):00364                 ldb #50
07C9 1D               (       test09.asm):00365                 sex
07CA 10830032         (       test09.asm):00366                 cmpd #50
07CE 1026FC31         (       test09.asm):00367                 lbne error
07D2 BD0438           (       test09.asm):00368                 jsr good
                      (       test09.asm):00369         
07D5 8655             (       test09.asm):00370                 lda #$55    ; Test #9: Shifts and rotates.
07D7 48               (       test09.asm):00371                 asla
07D8 1025FC27         (       test09.asm):00372                 lbcs error
07DC 81AA             (       test09.asm):00373                 cmpa #$aa
07DE 1026FC21         (       test09.asm):00374                 lbne error
07E2 48               (       test09.asm):00375                 asla
07E3 1024FC1C         (       test09.asm):00376                 lbcc error
07E7 8154             (       test09.asm):00377                 cmpa #$54
07E9 1026FC16         (       test09.asm):00378                 lbne error
07ED 8600             (       test09.asm):00379                 lda #$0
07EF 1CFE             (       test09.asm):00380                 andcc #254
07F1 49               (       test09.asm):00381                 rola
07F2 1026FC0D         (       test09.asm):00382                 lbne error
07F6 1A01             (       test09.asm):00383                 orcc #1
07F8 49               (       test09.asm):00384                 rola
07F9 4A               (       test09.asm):00385                 deca
07FA 1026FC05         (       test09.asm):00386                 lbne error
07FE 1CFE             (       test09.asm):00387                 andcc #254
0800 46               (       test09.asm):00388                 rora
0801 1026FBFE         (       test09.asm):00389                 lbne error
0805 1A01             (       test09.asm):00390                 orcc #1
0807 46               (       test09.asm):00391                 rora
0808 8180             (       test09.asm):00392                 cmpa #128
080A 1026FBF5         (       test09.asm):00393                 lbne error
080E 47               (       test09.asm):00394                 asra
080F 81C0             (       test09.asm):00395                 cmpa #192
0811 1026FBEE         (       test09.asm):00396                 lbne error
0815 44               (       test09.asm):00397                 lsra
0816 8160             (       test09.asm):00398                 cmpa #96
0818 1026FBE7         (       test09.asm):00399                 lbne error
081C C636             (       test09.asm):00400                 ldb #54
081E 58               (       test09.asm):00401                 aslb
081F C16C             (       test09.asm):00402                 cmpb #108
0821 1026FBDE         (       test09.asm):00403                 lbne error
0825 BD0438           (       test09.asm):00404                 jsr good
                      (       test09.asm):00405         
0828 1A0F             (       test09.asm):00406                 orcc #15          ; Test #10: INC, DEC and NEG
082A 8621             (       test09.asm):00407                 lda #33
082C 4C               (       test09.asm):00408                 inca
082D 1027FBD2         (       test09.asm):00409                 lbeq error
0831 1029FBCE         (       test09.asm):00410                 lbvs error
0835 1024FBCA         (       test09.asm):00411                 lbcc error
0839 102BFBC6         (       test09.asm):00412                 lbmi error
083D 4A               (       test09.asm):00413                 deca
083E 1027FBC1         (       test09.asm):00414                 lbeq error
0842 1029FBBD         (       test09.asm):00415                 lbvs error
0846 1024FBB9         (       test09.asm):00416                 lbcc error
084A 102BFBB5         (       test09.asm):00417                 lbmi error
084E 4F               (       test09.asm):00418                 clra
084F 1CFE             (       test09.asm):00419                 andcc #254
0851 4A               (       test09.asm):00420                 deca
0852 1025FBAD         (       test09.asm):00421                 lbcs error
0856 102AFBA9         (       test09.asm):00422                 lbpl error
085A 4C               (       test09.asm):00423                 inca
085B 1026FBA4         (       test09.asm):00424                 lbne error
085F C67E             (       test09.asm):00425                 ldb #126
0861 50               (       test09.asm):00426                 negb
0862 1029FB9D         (       test09.asm):00427                 lbvs error
0866 1024FB99         (       test09.asm):00428                 lbcc error
086A C182             (       test09.asm):00429                 cmpb #130
086C 1026FB93         (       test09.asm):00430                 lbne error
0870 5A               (       test09.asm):00431                 decb
0871 5A               (       test09.asm):00432                 decb
0872 50               (       test09.asm):00433                 negb
0873 1028FB8C         (       test09.asm):00434                 lbvc error
0877 C180             (       test09.asm):00435                 cmpb #128
0879 1026FB86         (       test09.asm):00436                 lbne error
087D 5F               (       test09.asm):00437                 clrb
087E 50               (       test09.asm):00438                 negb
087F 1025FB80         (       test09.asm):00439                 lbcs error
0883 1026FB7C         (       test09.asm):00440                 lbne error
0887 BD0438           (       test09.asm):00441                 jsr good
                      (       test09.asm):00442         
                      (       test09.asm):00443                 
088A 8E0908           (       test09.asm):00444                 ldx #testdat+4          ;test #11 Addessing modes.
088D A684             (       test09.asm):00445                 lda ,x
088F 8105             (       test09.asm):00446                 cmpa #5
0891 1026FB6E         (       test09.asm):00447                 lbne error
0895 A680             (       test09.asm):00448                 lda ,x+
0897 8105             (       test09.asm):00449                 cmpa #5
0899 1026FB66         (       test09.asm):00450                 lbne error
089D 8C0909           (       test09.asm):00451                 cmpx #testdat+5
08A0 1026FB5F         (       test09.asm):00452                 lbne error
08A4 EC81             (       test09.asm):00453                 ldd ,x++
08A6 10830607         (       test09.asm):00454                 cmpd #6*256+7
08AA 1026FB55         (       test09.asm):00455                 lbne error
08AE 8C090B           (       test09.asm):00456                 cmpx #testdat+7
08B1 1026FB4E         (       test09.asm):00457                 lbne error
08B5 8E0908           (       test09.asm):00458                 ldx #testdat+4
08B8 A682             (       test09.asm):00459                 lda ,-x
08BA 8104             (       test09.asm):00460                 cmpa #4
08BC 1026FB43         (       test09.asm):00461                 lbne error
08C0 8C0907           (       test09.asm):00462                 cmpx #testdat+3
08C3 1026FB3C         (       test09.asm):00463                 lbne error
08C7 EC83             (       test09.asm):00464                 ldd ,--x
08C9 10830203         (       test09.asm):00465                 cmpd #2*256+3
08CD 1026FB32         (       test09.asm):00466                 lbne error
08D1 8C0905           (       test09.asm):00467                 cmpx #testdat+1
08D4 1026FB2B         (       test09.asm):00468                 lbne error
08D8 8E0908           (       test09.asm):00469                 ldx #testdat+4
08DB A61E             (       test09.asm):00470                 lda -2,x
08DD 8103             (       test09.asm):00471                 cmpa #3
08DF 1026FB20         (       test09.asm):00472                 lbne error
08E3 A602             (       test09.asm):00473                 lda 2,x
08E5 8107             (       test09.asm):00474                 cmpa #7
08E7 1026FB18         (       test09.asm):00475                 lbne error
08EB 8E090E           (       test09.asm):00476                 ldx #td1
08EE EC94             (       test09.asm):00477                 ldd [,x]
08F0 10830304         (       test09.asm):00478                 cmpd #3*256+4
08F4 1026FB0B         (       test09.asm):00479                 lbne error
08F8 8C090E           (       test09.asm):00480                 cmpx #td1
08FB 1026FB04         (       test09.asm):00481                 lbne error
08FF BD0438           (       test09.asm):00482                 jsr good
0902 200C             (       test09.asm):00483                 bra next1
                      (       test09.asm):00484             
0904 0102030405060708 (       test09.asm):00485         testdat fcb 1,2,3,4,5,6,7,8,9,10
     090A
090E 0906             (       test09.asm):00486         td1     fdb testdat+2
0910                  (       test09.asm):00487         next1   
                      (       test09.asm):00488         
0910 20FE             (       test09.asm):00489         gloop   bra gloop
                      (       test09.asm):00490                 end $400
